nohup: ignoring input
Online fouloïde: 500000 steps, config=configs/micro_fouloide_online_homeostatic_rssm_v3_dreamerfix_buf500k.yaml, seed=0, device=cuda
step     500 | wellbeing 0.159 | wm_loss 2.4426 | td 0.0000 | planner 0.00 | seuil None | eau 1 | bouffe 2 | morts 0 | eps 1.00
step    1000 | wellbeing 0.000 | wm_loss 1.8959 | td 0.0000 | planner 0.00 | seuil None | eau 2 | bouffe 1 | morts 0 | eps 1.00
step    1500 | wellbeing 0.023 | wm_loss 1.8450 | td 0.0000 | planner 0.00 | seuil None | eau 2 | bouffe 2 | morts 0 | eps 1.00
step    2000 | wellbeing 0.000 | wm_loss 1.7087 | td 0.0000 | planner 0.00 | seuil None | eau 0 | bouffe 2 | morts 0 | eps 1.00
step    2500 | wellbeing 0.064 | wm_loss 1.6727 | td 0.0000 | planner 0.00 | seuil None | eau 1 | bouffe 1 | morts 1 | eps 1.00
step    3000 | wellbeing 0.102 | wm_loss 1.7110 | td 0.0000 | planner 0.00 | seuil None | eau 2 | bouffe 2 | morts 1 | eps 1.00
step    3500 | wellbeing 0.368 | wm_loss 1.7656 | td 0.0000 | planner 0.00 | seuil None | eau 1 | bouffe 3 | morts 3 | eps 1.00
step    4000 | wellbeing 0.077 | wm_loss 1.6908 | td 0.0000 | planner 0.00 | seuil None | eau 0 | bouffe 1 | morts 3 | eps 1.00
step    4500 | wellbeing 0.210 | wm_loss 1.7170 | td 0.0000 | planner 0.00 | seuil None | eau 1 | bouffe 0 | morts 4 | eps 1.00
step    5000 | wellbeing 0.048 | wm_loss 1.7475 | td 0.0000 | planner 0.00 | seuil None | eau 4 | bouffe 1 | morts 5 | eps 1.00
step    5500 | wellbeing 0.111 | wm_loss 1.7101 | td 0.0000 | planner 0.00 | seuil None | eau 0 | bouffe 2 | morts 5 | eps 1.00
step    6000 | wellbeing 0.000 | wm_loss 1.6941 | td 0.0000 | planner 0.00 | seuil None | eau 0 | bouffe 2 | morts 5 | eps 1.00
step    6500 | wellbeing 0.000 | wm_loss 1.6555 | td 0.0000 | planner 0.00 | seuil None | eau 4 | bouffe 0 | morts 5 | eps 1.00
step    7000 | wellbeing 0.162 | wm_loss 1.6622 | td 0.0000 | planner 0.00 | seuil None | eau 1 | bouffe 3 | morts 6 | eps 1.00
step    7500 | wellbeing 0.180 | wm_loss 1.6853 | td 0.0000 | planner 0.00 | seuil None | eau 1 | bouffe 2 | morts 7 | eps 1.00
step    8000 | wellbeing 0.158 | wm_loss 1.6854 | td 0.0000 | planner 0.00 | seuil None | eau 4 | bouffe 1 | morts 8 | eps 1.00
step    8500 | wellbeing 0.157 | wm_loss 1.7318 | td 0.0000 | planner 0.00 | seuil None | eau 1 | bouffe 0 | morts 9 | eps 1.00
step    9000 | wellbeing 0.027 | wm_loss 1.6870 | td 0.0000 | planner 0.00 | seuil None | eau 2 | bouffe 3 | morts 9 | eps 1.00
step    9500 | wellbeing 0.048 | wm_loss 1.7232 | td 0.0000 | planner 0.00 | seuil None | eau 3 | bouffe 5 | morts 9 | eps 1.00
step   10000 | wellbeing 0.159 | wm_loss 1.7375 | td 0.0000 | planner 0.00 | seuil None | eau 1 | bouffe 1 | morts 10 | eps 1.00
step   10500 | wellbeing 0.189 | wm_loss 1.7226 | td 0.0000 | planner 0.00 | seuil None | eau 1 | bouffe 2 | morts 11 | eps 1.00
step   11000 | wellbeing 0.293 | wm_loss 1.7118 | td 0.0000 | planner 0.00 | seuil None | eau 1 | bouffe 2 | morts 12 | eps 1.00
step   11500 | wellbeing 0.319 | wm_loss 1.7233 | td 0.0000 | planner 0.00 | seuil None | eau 2 | bouffe 0 | morts 14 | eps 1.00
step   12000 | wellbeing 0.229 | wm_loss 1.7619 | td 0.0000 | planner 0.00 | seuil None | eau 4 | bouffe 2 | morts 15 | eps 1.00
step   12500 | wellbeing 0.000 | wm_loss 1.7239 | td 0.0000 | planner 0.00 | seuil None | eau 1 | bouffe 0 | morts 15 | eps 1.00
step   13000 | wellbeing 0.177 | wm_loss 1.7829 | td 0.0000 | planner 0.00 | seuil None | eau 1 | bouffe 0 | morts 16 | eps 1.00
step   13500 | wellbeing 0.188 | wm_loss 1.7539 | td 0.0000 | planner 0.00 | seuil None | eau 2 | bouffe 1 | morts 17 | eps 1.00
step   14000 | wellbeing 0.000 | wm_loss 1.7150 | td 0.0000 | planner 0.00 | seuil None | eau 1 | bouffe 2 | morts 17 | eps 1.00
step   14500 | wellbeing 0.000 | wm_loss 1.7426 | td 0.0000 | planner 0.00 | seuil None | eau 2 | bouffe 1 | morts 17 | eps 1.00
step   15000 | wellbeing 0.000 | wm_loss 1.7321 | td 0.0000 | planner 0.00 | seuil None | eau 1 | bouffe 2 | morts 17 | eps 1.00
step   15500 | wellbeing 0.225 | wm_loss 1.7345 | td 0.0000 | planner 0.00 | seuil None | eau 3 | bouffe 2 | morts 18 | eps 1.00
step   16000 | wellbeing 0.000 | wm_loss 1.7296 | td 0.0000 | planner 0.00 | seuil None | eau 1 | bouffe 0 | morts 18 | eps 1.00
step   16500 | wellbeing 0.001 | wm_loss 1.7077 | td 0.0000 | planner 0.00 | seuil None | eau 1 | bouffe 2 | morts 18 | eps 1.00
step   17000 | wellbeing 0.000 | wm_loss 1.7009 | td 0.0000 | planner 0.00 | seuil None | eau 0 | bouffe 1 | morts 18 | eps 1.00
step   17500 | wellbeing 0.307 | wm_loss 1.7482 | td 0.0000 | planner 0.00 | seuil None | eau 2 | bouffe 3 | morts 19 | eps 1.00
step   18000 | wellbeing 0.054 | wm_loss 1.7467 | td 0.0000 | planner 0.00 | seuil None | eau 1 | bouffe 1 | morts 19 | eps 1.00
step   18500 | wellbeing 0.000 | wm_loss 1.7193 | td 0.0000 | planner 0.00 | seuil None | eau 3 | bouffe 1 | morts 19 | eps 1.00
step   19000 | wellbeing 0.024 | wm_loss 1.6970 | td 0.0000 | planner 0.00 | seuil None | eau 1 | bouffe 1 | morts 20 | eps 1.00
step   19500 | wellbeing 0.302 | wm_loss 1.7425 | td 0.0000 | planner 0.00 | seuil None | eau 2 | bouffe 4 | morts 21 | eps 1.00
step   20000 | wellbeing 0.479 | wm_loss 1.7640 | td 0.0000 | planner 0.00 | seuil None | eau 3 | bouffe 2 | morts 22 | eps 1.00
step   20500 | wellbeing 0.009 | wm_loss 1.7629 | td 0.0000 | planner 0.00 | seuil None | eau 1 | bouffe 2 | morts 22 | eps 1.00
step   21000 | wellbeing 0.000 | wm_loss 1.7663 | td 0.0000 | planner 0.00 | seuil None | eau 3 | bouffe 0 | morts 22 | eps 1.00
step   21500 | wellbeing 0.008 | wm_loss 1.7846 | td 0.0000 | planner 0.00 | seuil None | eau 3 | bouffe 1 | morts 22 | eps 1.00
step   22000 | wellbeing 0.007 | wm_loss 1.7510 | td 0.0000 | planner 0.00 | seuil None | eau 3 | bouffe 1 | morts 22 | eps 1.00
step   22500 | wellbeing 0.155 | wm_loss 1.8082 | td 0.0000 | planner 0.00 | seuil None | eau 1 | bouffe 1 | morts 23 | eps 1.00
step   23000 | wellbeing 0.001 | wm_loss 1.7654 | td 0.0000 | planner 0.00 | seuil None | eau 3 | bouffe 2 | morts 23 | eps 1.00
step   23500 | wellbeing 0.053 | wm_loss 1.8303 | td 0.0000 | planner 0.00 | seuil None | eau 3 | bouffe 5 | morts 23 | eps 1.00
step   24000 | wellbeing 0.000 | wm_loss 1.7984 | td 0.0000 | planner 0.00 | seuil None | eau 0 | bouffe 1 | morts 23 | eps 1.00
step   24500 | wellbeing 0.159 | wm_loss 1.7915 | td 0.0000 | planner 0.00 | seuil None | eau 0 | bouffe 2 | morts 24 | eps 1.00
step   25000 | wellbeing 0.000 | wm_loss 1.7993 | td 0.0000 | planner 0.00 | seuil None | eau 0 | bouffe 0 | morts 24 | eps 1.00
step   25500 | wellbeing 0.000 | wm_loss 1.8202 | td 0.0000 | planner 0.00 | seuil None | eau 0 | bouffe 0 | morts 24 | eps 1.00
step   26000 | wellbeing 0.000 | wm_loss 1.7957 | td 0.0000 | planner 0.00 | seuil None | eau 0 | bouffe 0 | morts 24 | eps 1.00
step   26500 | wellbeing 0.000 | wm_loss 1.8002 | td 0.0000 | planner 0.00 | seuil None | eau 0 | bouffe 0 | morts 24 | eps 1.00
step   27000 | wellbeing 0.281 | wm_loss 1.8307 | td 0.0000 | planner 0.00 | seuil None | eau 2 | bouffe 3 | morts 25 | eps 1.00
step   27500 | wellbeing 0.041 | wm_loss 1.8251 | td 0.0000 | planner 0.00 | seuil None | eau 7 | bouffe 1 | morts 25 | eps 1.00
step   28000 | wellbeing 0.208 | wm_loss 1.8413 | td 0.0000 | planner 0.00 | seuil None | eau 1 | bouffe 2 | morts 26 | eps 1.00
step   28500 | wellbeing 0.206 | wm_loss 1.8021 | td 0.0000 | planner 0.00 | seuil None | eau 1 | bouffe 0 | morts 27 | eps 1.00
step   29000 | wellbeing 0.020 | wm_loss 1.8590 | td 0.0000 | planner 0.00 | seuil None | eau 1 | bouffe 2 | morts 27 | eps 1.00
step   29500 | wellbeing 0.000 | wm_loss 1.8806 | td 0.0000 | planner 0.00 | seuil None | eau 1 | bouffe 1 | morts 27 | eps 1.00
step   30000 | wellbeing 0.000 | wm_loss 1.8799 | td 0.0000 | planner 0.00 | seuil None | eau 0 | bouffe 2 | morts 27 | eps 1.00
step   30500 | wellbeing 0.000 | wm_loss 1.8339 | td 0.0000 | planner 0.00 | seuil None | eau 1 | bouffe 0 | morts 27 | eps 1.00
step   31000 | wellbeing 0.210 | wm_loss 1.8570 | td 0.0000 | planner 0.00 | seuil None | eau 3 | bouffe 1 | morts 28 | eps 1.00
step   31500 | wellbeing 0.008 | wm_loss 1.8220 | td 0.0000 | planner 0.00 | seuil None | eau 1 | bouffe 2 | morts 28 | eps 1.00
step   32000 | wellbeing 0.209 | wm_loss 1.8374 | td 0.0000 | planner 0.00 | seuil None | eau 2 | bouffe 5 | morts 29 | eps 1.00
step   32500 | wellbeing 0.020 | wm_loss 1.8261 | td 0.0000 | planner 0.00 | seuil None | eau 1 | bouffe 3 | morts 29 | eps 1.00
step   33000 | wellbeing 0.202 | wm_loss 1.8033 | td 0.0000 | planner 0.00 | seuil None | eau 1 | bouffe 2 | morts 30 | eps 1.00
step   33500 | wellbeing 0.223 | wm_loss 1.8772 | td 0.0000 | planner 0.00 | seuil None | eau 0 | bouffe 1 | morts 32 | eps 1.00
step   34000 | wellbeing 0.136 | wm_loss 1.8363 | td 0.0000 | planner 0.00 | seuil None | eau 1 | bouffe 1 | morts 32 | eps 1.00
step   34500 | wellbeing 0.158 | wm_loss 1.8513 | td 0.0000 | planner 0.00 | seuil None | eau 0 | bouffe 1 | morts 33 | eps 1.00
step   35000 | wellbeing 0.000 | wm_loss 1.8468 | td 0.0000 | planner 0.00 | seuil None | eau 0 | bouffe 0 | morts 33 | eps 1.00
step   35500 | wellbeing 0.000 | wm_loss 1.8214 | td 0.0000 | planner 0.00 | seuil None | eau 0 | bouffe 0 | morts 33 | eps 1.00
step   36000 | wellbeing 0.000 | wm_loss 1.8500 | td 0.0000 | planner 0.00 | seuil None | eau 0 | bouffe 0 | morts 33 | eps 1.00
step   36500 | wellbeing 0.000 | wm_loss 1.8642 | td 0.0000 | planner 0.00 | seuil None | eau 0 | bouffe 0 | morts 33 | eps 1.00
step   37000 | wellbeing 0.000 | wm_loss 1.8409 | td 0.0000 | planner 0.00 | seuil None | eau 0 | bouffe 0 | morts 33 | eps 1.00
step   37500 | wellbeing 0.000 | wm_loss 1.8165 | td 0.0000 | planner 0.00 | seuil None | eau 0 | bouffe 0 | morts 33 | eps 1.00
step   38000 | wellbeing 0.000 | wm_loss 1.8104 | td 0.0000 | planner 0.00 | seuil None | eau 0 | bouffe 1 | morts 33 | eps 1.00
step   38500 | wellbeing 0.000 | wm_loss 1.8313 | td 0.0000 | planner 0.00 | seuil None | eau 0 | bouffe 0 | morts 33 | eps 1.00
step   39000 | wellbeing 0.000 | wm_loss 1.7957 | td 0.0000 | planner 0.00 | seuil None | eau 0 | bouffe 0 | morts 33 | eps 1.00
step   39500 | wellbeing 0.000 | wm_loss 1.8201 | td 0.0000 | planner 0.00 | seuil None | eau 0 | bouffe 0 | morts 33 | eps 1.00
step   40000 | wellbeing 0.000 | wm_loss 1.7763 | td 0.0000 | planner 0.00 | seuil None | eau 0 | bouffe 0 | morts 33 | eps 1.00
step   40500 | wellbeing 0.042 | wm_loss 1.8720 | td 0.0000 | planner 0.00 | seuil None | eau 1 | bouffe 1 | morts 34 | eps 1.00
step   41000 | wellbeing 0.318 | wm_loss 1.8690 | td 0.0000 | planner 0.00 | seuil None | eau 0 | bouffe 1 | morts 35 | eps 1.00
step   41500 | wellbeing 0.000 | wm_loss 1.8404 | td 0.0000 | planner 0.00 | seuil None | eau 0 | bouffe 1 | morts 35 | eps 1.00
step   42000 | wellbeing 0.000 | wm_loss 1.7893 | td 0.0000 | planner 0.00 | seuil None | eau 0 | bouffe 3 | morts 35 | eps 1.00
step   42500 | wellbeing 0.000 | wm_loss 1.8288 | td 0.0000 | planner 0.00 | seuil None | eau 0 | bouffe 1 | morts 35 | eps 1.00
step   43000 | wellbeing 0.000 | wm_loss 1.8324 | td 0.0000 | planner 0.00 | seuil None | eau 1 | bouffe 2 | morts 35 | eps 1.00
step   43500 | wellbeing 0.178 | wm_loss 1.8222 | td 0.0000 | planner 0.00 | seuil None | eau 2 | bouffe 1 | morts 36 | eps 1.00
step   44000 | wellbeing 0.312 | wm_loss 1.8490 | td 0.0000 | planner 0.00 | seuil None | eau 0 | bouffe 2 | morts 38 | eps 1.00
step   44500 | wellbeing 0.218 | wm_loss 1.8128 | td 0.0000 | planner 0.00 | seuil None | eau 3 | bouffe 1 | morts 39 | eps 1.00
step   45000 | wellbeing 0.000 | wm_loss 1.8144 | td 0.0000 | planner 0.00 | seuil None | eau 1 | bouffe 2 | morts 39 | eps 1.00
step   45500 | wellbeing 0.153 | wm_loss 1.8020 | td 0.0000 | planner 0.00 | seuil None | eau 0 | bouffe 0 | morts 40 | eps 1.00
step   46000 | wellbeing 0.002 | wm_loss 1.7947 | td 0.0000 | planner 0.00 | seuil None | eau 0 | bouffe 1 | morts 40 | eps 1.00
step   46500 | wellbeing 0.238 | wm_loss 1.8365 | td 0.0000 | planner 0.00 | seuil None | eau 2 | bouffe 2 | morts 42 | eps 1.00
step   47000 | wellbeing 0.497 | wm_loss 1.8780 | td 0.0000 | planner 0.00 | seuil None | eau 4 | bouffe 2 | morts 43 | eps 1.00
step   47500 | wellbeing 0.098 | wm_loss 1.8572 | td 0.0000 | planner 0.00 | seuil None | eau 2 | bouffe 1 | morts 44 | eps 1.00
step   48000 | wellbeing 0.232 | wm_loss 1.8331 | td 0.0000 | planner 0.00 | seuil None | eau 1 | bouffe 3 | morts 45 | eps 1.00
step   48500 | wellbeing 0.257 | wm_loss 1.8704 | td 0.0000 | planner 0.00 | seuil None | eau 1 | bouffe 4 | morts 45 | eps 1.00
step   49000 | wellbeing 0.153 | wm_loss 1.8623 | td 0.0000 | planner 0.00 | seuil None | eau 0 | bouffe 0 | morts 46 | eps 1.00
step   49500 | wellbeing 0.016 | wm_loss 1.8246 | td 0.0000 | planner 0.00 | seuil None | eau 1 | bouffe 1 | morts 46 | eps 1.00
step   50000 | wellbeing 0.156 | wm_loss 1.8339 | td 0.0000 | planner 0.00 | seuil None | eau 2 | bouffe 2 | morts 47 | eps 1.00
  cerveau sauvegardé → runs/fouloide_online_seed0/checkpoint_online.pt
step   50500 | wellbeing 0.357 | wm_loss 1.7845 | td 0.0000 | planner 0.00 | seuil None | eau 3 | bouffe 4 | morts 47 | eps 1.00
step   51000 | wellbeing 0.083 | wm_loss 1.8238 | td 0.0000 | planner 0.00 | seuil None | eau 2 | bouffe 1 | morts 47 | eps 1.00
step   51500 | wellbeing 0.084 | wm_loss 1.8562 | td 0.0000 | planner 0.00 | seuil None | eau 1 | bouffe 0 | morts 48 | eps 1.00
step   52000 | wellbeing 0.403 | wm_loss 1.8278 | td 0.0000 | planner 0.00 | seuil None | eau 1 | bouffe 2 | morts 49 | eps 1.00
step   52500 | wellbeing 0.214 | wm_loss 1.8190 | td 0.0000 | planner 0.00 | seuil None | eau 1 | bouffe 1 | morts 50 | eps 1.00
step   53000 | wellbeing 0.242 | wm_loss 1.8344 | td 0.0000 | planner 0.00 | seuil None | eau 1 | bouffe 1 | morts 51 | eps 1.00
step   53500 | wellbeing 0.367 | wm_loss 1.8078 | td 0.0000 | planner 0.00 | seuil None | eau 1 | bouffe 0 | morts 53 | eps 1.00
step   54000 | wellbeing 0.157 | wm_loss 1.8292 | td 0.0000 | planner 0.00 | seuil None | eau 0 | bouffe 1 | morts 54 | eps 1.00
step   54500 | wellbeing 0.000 | wm_loss 1.8365 | td 0.0000 | planner 0.00 | seuil None | eau 1 | bouffe 0 | morts 54 | eps 1.00
step   55000 | wellbeing 0.026 | wm_loss 1.8360 | td 0.0000 | planner 0.00 | seuil None | eau 2 | bouffe 1 | morts 54 | eps 1.00
step   55500 | wellbeing 0.184 | wm_loss 1.8415 | td 0.0000 | planner 0.00 | seuil None | eau 1 | bouffe 2 | morts 55 | eps 1.00
step   56000 | wellbeing 0.000 | wm_loss 1.8082 | td 0.0000 | planner 0.00 | seuil None | eau 0 | bouffe 1 | morts 55 | eps 1.00
step   56500 | wellbeing 0.231 | wm_loss 1.8594 | td 0.0000 | planner 0.00 | seuil None | eau 2 | bouffe 3 | morts 56 | eps 1.00
step   57000 | wellbeing 0.000 | wm_loss 1.8142 | td 0.0000 | planner 0.00 | seuil None | eau 0 | bouffe 3 | morts 56 | eps 1.00
step   57500 | wellbeing 0.256 | wm_loss 1.8466 | td 0.0000 | planner 0.00 | seuil None | eau 1 | bouffe 1 | morts 57 | eps 1.00
step   58000 | wellbeing 0.155 | wm_loss 1.8196 | td 0.0000 | planner 0.00 | seuil None | eau 0 | bouffe 1 | morts 58 | eps 1.00
step   58500 | wellbeing 0.000 | wm_loss 1.8183 | td 0.0000 | planner 0.00 | seuil None | eau 2 | bouffe 3 | morts 58 | eps 1.00
step   59000 | wellbeing 0.000 | wm_loss 1.7892 | td 0.0000 | planner 0.00 | seuil None | eau 1 | bouffe 0 | morts 58 | eps 1.00
step   59500 | wellbeing 0.000 | wm_loss 1.8221 | td 0.0000 | planner 0.00 | seuil None | eau 0 | bouffe 0 | morts 58 | eps 1.00
step   60000 | wellbeing 0.000 | wm_loss 1.7756 | td 0.0000 | planner 0.00 | seuil None | eau 1 | bouffe 3 | morts 58 | eps 1.00
step   60500 | wellbeing 0.000 | wm_loss 1.8423 | td 0.0000 | planner 0.00 | seuil None | eau 3 | bouffe 0 | morts 58 | eps 1.00
step   61000 | wellbeing 0.155 | wm_loss 1.7786 | td 0.0000 | planner 0.00 | seuil None | eau 0 | bouffe 0 | morts 59 | eps 1.00
step   61500 | wellbeing 0.001 | wm_loss 1.8132 | td 0.0000 | planner 0.00 | seuil None | eau 2 | bouffe 2 | morts 59 | eps 1.00
step   62000 | wellbeing 0.205 | wm_loss 1.7888 | td 0.0000 | planner 0.00 | seuil None | eau 1 | bouffe 0 | morts 60 | eps 1.00
step   62500 | wellbeing 0.000 | wm_loss 1.8135 | td 0.0000 | planner 0.00 | seuil None | eau 0 | bouffe 2 | morts 60 | eps 1.00
step   63000 | wellbeing 0.159 | wm_loss 1.7952 | td 0.0000 | planner 0.00 | seuil None | eau 0 | bouffe 2 | morts 61 | eps 1.00
step   63500 | wellbeing 0.204 | wm_loss 1.8751 | td 0.0000 | planner 0.00 | seuil None | eau 2 | bouffe 1 | morts 62 | eps 1.00
step   64000 | wellbeing 0.155 | wm_loss 1.8075 | td 0.0000 | planner 0.00 | seuil None | eau 3 | bouffe 0 | morts 63 | eps 1.00
step   64500 | wellbeing 0.000 | wm_loss 1.7985 | td 0.0000 | planner 0.00 | seuil None | eau 0 | bouffe 3 | morts 63 | eps 1.00
step   65000 | wellbeing 0.001 | wm_loss 1.8311 | td 0.0000 | planner 0.00 | seuil None | eau 1 | bouffe 1 | morts 63 | eps 1.00
step   65500 | wellbeing 0.000 | wm_loss 1.7887 | td 0.0000 | planner 0.00 | seuil None | eau 1 | bouffe 2 | morts 63 | eps 1.00
step   66000 | wellbeing 0.156 | wm_loss 1.8667 | td 0.0000 | planner 0.00 | seuil None | eau 1 | bouffe 0 | morts 64 | eps 1.00
step   66500 | wellbeing 0.007 | wm_loss 1.8053 | td 0.0000 | planner 0.00 | seuil None | eau 1 | bouffe 1 | morts 64 | eps 1.00
step   67000 | wellbeing 0.000 | wm_loss 1.7883 | td 0.0000 | planner 0.00 | seuil None | eau 1 | bouffe 0 | morts 64 | eps 1.00
step   67500 | wellbeing 0.000 | wm_loss 1.7845 | td 0.0000 | planner 0.00 | seuil None | eau 1 | bouffe 3 | morts 64 | eps 1.00
step   68000 | wellbeing 0.209 | wm_loss 1.8108 | td 0.0000 | planner 0.00 | seuil None | eau 1 | bouffe 0 | morts 65 | eps 1.00
step   68500 | wellbeing 0.156 | wm_loss 1.8211 | td 0.0000 | planner 0.00 | seuil None | eau 0 | bouffe 0 | morts 66 | eps 1.00
step   69000 | wellbeing 0.163 | wm_loss 1.8299 | td 0.0000 | planner 0.00 | seuil None | eau 1 | bouffe 2 | morts 67 | eps 1.00
step   69500 | wellbeing 0.036 | wm_loss 1.8002 | td 0.0000 | planner 0.00 | seuil None | eau 0 | bouffe 0 | morts 67 | eps 1.00
step   70000 | wellbeing 0.503 | wm_loss 1.8082 | td 0.0000 | planner 0.00 | seuil None | eau 1 | bouffe 1 | morts 70 | eps 1.00
step   70500 | wellbeing 0.323 | wm_loss 1.7539 | td 0.0000 | planner 0.00 | seuil None | eau 2 | bouffe 3 | morts 71 | eps 1.00
step   71000 | wellbeing 0.199 | wm_loss 1.8214 | td 0.0000 | planner 0.00 | seuil None | eau 1 | bouffe 2 | morts 73 | eps 1.00
step   71500 | wellbeing 0.234 | wm_loss 1.7842 | td 0.0000 | planner 0.00 | seuil None | eau 1 | bouffe 2 | morts 73 | eps 1.00
step   72000 | wellbeing 0.156 | wm_loss 1.7695 | td 0.0000 | planner 0.00 | seuil None | eau 2 | bouffe 2 | morts 74 | eps 1.00
step   72500 | wellbeing 0.186 | wm_loss 1.8538 | td 0.0000 | planner 0.00 | seuil None | eau 2 | bouffe 0 | morts 75 | eps 1.00
step   73000 | wellbeing 0.048 | wm_loss 1.8158 | td 0.0000 | planner 0.00 | seuil None | eau 0 | bouffe 1 | morts 76 | eps 1.00
step   73500 | wellbeing 0.266 | wm_loss 1.8312 | td 0.0000 | planner 0.00 | seuil None | eau 0 | bouffe 2 | morts 77 | eps 1.00
step   74000 | wellbeing 0.000 | wm_loss 1.8267 | td 0.0000 | planner 0.00 | seuil None | eau 1 | bouffe 1 | morts 77 | eps 1.00
step   74500 | wellbeing 0.159 | wm_loss 1.7725 | td 0.0000 | planner 0.00 | seuil None | eau 0 | bouffe 2 | morts 78 | eps 1.00
step   75000 | wellbeing 0.078 | wm_loss 1.7977 | td 0.0000 | planner 0.00 | seuil None | eau 1 | bouffe 2 | morts 79 | eps 1.00
step   75500 | wellbeing 0.421 | wm_loss 1.8241 | td 0.0000 | planner 0.00 | seuil None | eau 1 | bouffe 2 | morts 80 | eps 1.00
step   76000 | wellbeing 0.001 | wm_loss 1.8073 | td 0.0000 | planner 0.00 | seuil None | eau 1 | bouffe 1 | morts 80 | eps 1.00
step   76500 | wellbeing 0.126 | wm_loss 1.7755 | td 0.0000 | planner 0.00 | seuil None | eau 2 | bouffe 0 | morts 81 | eps 1.00
step   77000 | wellbeing 0.070 | wm_loss 1.8391 | td 0.0000 | planner 0.00 | seuil None | eau 3 | bouffe 3 | morts 81 | eps 1.00
step   77500 | wellbeing 0.010 | wm_loss 1.8252 | td 0.0000 | planner 0.00 | seuil None | eau 1 | bouffe 1 | morts 82 | eps 1.00
step   78000 | wellbeing 0.322 | wm_loss 1.8021 | td 0.0000 | planner 0.00 | seuil None | eau 1 | bouffe 0 | morts 83 | eps 1.00
step   78500 | wellbeing 0.000 | wm_loss 1.8136 | td 0.0000 | planner 0.00 | seuil None | eau 0 | bouffe 0 | morts 83 | eps 1.00
step   79000 | wellbeing 0.000 | wm_loss 1.8468 | td 0.0000 | planner 0.00 | seuil None | eau 0 | bouffe 1 | morts 83 | eps 1.00
step   79500 | wellbeing 0.000 | wm_loss 1.7821 | td 0.0000 | planner 0.00 | seuil None | eau 0 | bouffe 0 | morts 83 | eps 1.00
step   80000 | wellbeing 0.000 | wm_loss 1.7928 | td 0.0000 | planner 0.00 | seuil None | eau 0 | bouffe 2 | morts 83 | eps 1.00
step   80500 | wellbeing 0.000 | wm_loss 1.8089 | td 0.0000 | planner 0.00 | seuil None | eau 0 | bouffe 1 | morts 83 | eps 1.00
step   81000 | wellbeing 0.000 | wm_loss 1.7764 | td 0.0000 | planner 0.00 | seuil None | eau 0 | bouffe 0 | morts 83 | eps 1.00
step   81500 | wellbeing 0.007 | wm_loss 1.8221 | td 0.0000 | planner 0.00 | seuil None | eau 1 | bouffe 2 | morts 83 | eps 1.00
step   82000 | wellbeing 0.000 | wm_loss 1.7757 | td 0.0000 | planner 0.00 | seuil None | eau 1 | bouffe 0 | morts 83 | eps 1.00
step   82500 | wellbeing 0.000 | wm_loss 1.7768 | td 0.0000 | planner 0.00 | seuil None | eau 0 | bouffe 2 | morts 83 | eps 1.00
step   83000 | wellbeing 0.000 | wm_loss 1.7493 | td 0.0000 | planner 0.00 | seuil None | eau 0 | bouffe 0 | morts 83 | eps 1.00
step   83500 | wellbeing 0.011 | wm_loss 1.8019 | td 0.0000 | planner 0.00 | seuil None | eau 1 | bouffe 1 | morts 83 | eps 1.00
step   84000 | wellbeing 0.000 | wm_loss 1.7733 | td 0.0000 | planner 0.00 | seuil None | eau 0 | bouffe 0 | morts 83 | eps 1.00
step   84500 | wellbeing 0.000 | wm_loss 1.7571 | td 0.0000 | planner 0.00 | seuil None | eau 0 | bouffe 0 | morts 83 | eps 1.00
step   85000 | wellbeing 0.000 | wm_loss 1.8176 | td 0.0000 | planner 0.00 | seuil None | eau 1 | bouffe 1 | morts 83 | eps 1.00
step   85500 | wellbeing 0.002 | wm_loss 1.7871 | td 0.0000 | planner 0.00 | seuil None | eau 1 | bouffe 2 | morts 83 | eps 1.00
step   86000 | wellbeing 0.000 | wm_loss 1.7952 | td 0.0000 | planner 0.00 | seuil None | eau 0 | bouffe 2 | morts 83 | eps 1.00
step   86500 | wellbeing 0.000 | wm_loss 1.7568 | td 0.0000 | planner 0.00 | seuil None | eau 1 | bouffe 2 | morts 83 | eps 1.00
step   87000 | wellbeing 0.000 | wm_loss 1.7743 | td 0.0000 | planner 0.00 | seuil None | eau 1 | bouffe 3 | morts 83 | eps 1.00
step   87500 | wellbeing 0.028 | wm_loss 1.7907 | td 0.0000 | planner 0.00 | seuil None | eau 1 | bouffe 3 | morts 83 | eps 1.00
step   88000 | wellbeing 0.000 | wm_loss 1.7945 | td 0.0000 | planner 0.00 | seuil None | eau 1 | bouffe 2 | morts 83 | eps 1.00
step   88500 | wellbeing 0.156 | wm_loss 1.8278 | td 0.0000 | planner 0.00 | seuil None | eau 0 | bouffe 2 | morts 84 | eps 1.00
step   89000 | wellbeing 0.013 | wm_loss 1.7943 | td 0.0000 | planner 0.00 | seuil None | eau 3 | bouffe 2 | morts 84 | eps 1.00
step   89500 | wellbeing 0.082 | wm_loss 1.7437 | td 0.0000 | planner 0.00 | seuil None | eau 0 | bouffe 2 | morts 85 | eps 1.00
step   90000 | wellbeing 0.372 | wm_loss 1.7999 | td 0.0000 | planner 0.00 | seuil None | eau 1 | bouffe 1 | morts 87 | eps 1.00
step   90500 | wellbeing 0.066 | wm_loss 1.7912 | td 0.0000 | planner 0.00 | seuil None | eau 1 | bouffe 2 | morts 87 | eps 1.00
step   91000 | wellbeing 0.000 | wm_loss 1.7923 | td 0.0000 | planner 0.00 | seuil None | eau 0 | bouffe 0 | morts 87 | eps 1.00
step   91500 | wellbeing 0.004 | wm_loss 1.8085 | td 0.0000 | planner 0.00 | seuil None | eau 0 | bouffe 0 | morts 88 | eps 1.00
step   92000 | wellbeing 0.192 | wm_loss 1.7935 | td 0.0000 | planner 0.00 | seuil None | eau 2 | bouffe 0 | morts 88 | eps 1.00
step   92500 | wellbeing 0.000 | wm_loss 1.7828 | td 0.0000 | planner 0.00 | seuil None | eau 0 | bouffe 1 | morts 88 | eps 1.00
step   93000 | wellbeing 0.000 | wm_loss 1.7895 | td 0.0000 | planner 0.00 | seuil None | eau 0 | bouffe 0 | morts 88 | eps 1.00
step   93500 | wellbeing 0.000 | wm_loss 1.7828 | td 0.0000 | planner 0.00 | seuil None | eau 0 | bouffe 0 | morts 88 | eps 1.00
step   94000 | wellbeing 0.314 | wm_loss 1.7773 | td 0.0000 | planner 0.00 | seuil None | eau 0 | bouffe 2 | morts 90 | eps 1.00
step   94500 | wellbeing 0.155 | wm_loss 1.7982 | td 0.0000 | planner 0.00 | seuil None | eau 1 | bouffe 1 | morts 91 | eps 1.00
step   95000 | wellbeing 0.000 | wm_loss 1.8117 | td 0.0000 | planner 0.00 | seuil None | eau 0 | bouffe 0 | morts 91 | eps 1.00
step   95500 | wellbeing 0.000 | wm_loss 1.7496 | td 0.0000 | planner 0.00 | seuil None | eau 0 | bouffe 0 | morts 91 | eps 1.00
step   96000 | wellbeing 0.062 | wm_loss 1.8167 | td 0.0000 | planner 0.00 | seuil None | eau 0 | bouffe 1 | morts 92 | eps 1.00
step   96500 | wellbeing 0.245 | wm_loss 1.8074 | td 0.0000 | planner 0.00 | seuil None | eau 2 | bouffe 1 | morts 93 | eps 1.00
step   97000 | wellbeing 0.348 | wm_loss 1.8321 | td 0.0000 | planner 0.00 | seuil None | eau 2 | bouffe 1 | morts 94 | eps 1.00
step   97500 | wellbeing 0.002 | wm_loss 1.7911 | td 0.0000 | planner 0.00 | seuil None | eau 0 | bouffe 1 | morts 94 | eps 1.00
step   98000 | wellbeing 0.312 | wm_loss 1.7844 | td 0.0000 | planner 0.00 | seuil None | eau 0 | bouffe 1 | morts 96 | eps 1.00
step   98500 | wellbeing 0.000 | wm_loss 1.7875 | td 0.0000 | planner 0.00 | seuil None | eau 0 | bouffe 0 | morts 96 | eps 1.00
step   99000 | wellbeing 0.000 | wm_loss 1.7861 | td 0.0000 | planner 0.00 | seuil None | eau 1 | bouffe 0 | morts 96 | eps 1.00
step   99500 | wellbeing 0.000 | wm_loss 1.7935 | td 0.0000 | planner 0.00 | seuil None | eau 0 | bouffe 0 | morts 96 | eps 1.00
step  100000 | wellbeing 0.000 | wm_loss 1.7769 | td 0.0000 | planner 0.00 | seuil None | eau 0 | bouffe 0 | morts 96 | eps 1.00
  cerveau sauvegardé → runs/fouloide_online_seed0/checkpoint_online.pt
step  100500 | wellbeing 0.000 | wm_loss 1.7792 | td 0.0000 | planner 0.00 | seuil None | eau 0 | bouffe 0 | morts 96 | eps 1.00
step  101000 | wellbeing 0.000 | wm_loss 1.7713 | td 0.0000 | planner 0.00 | seuil None | eau 0 | bouffe 0 | morts 96 | eps 1.00
step  101500 | wellbeing 0.000 | wm_loss 1.7821 | td 0.0000 | planner 0.00 | seuil None | eau 0 | bouffe 0 | morts 96 | eps 1.00
step  102000 | wellbeing 0.000 | wm_loss 1.8079 | td 0.0000 | planner 0.00 | seuil None | eau 0 | bouffe 1 | morts 96 | eps 1.00
step  102500 | wellbeing 0.000 | wm_loss 1.7584 | td 0.0000 | planner 0.00 | seuil None | eau 1 | bouffe 0 | morts 96 | eps 1.00
step  103000 | wellbeing 0.000 | wm_loss 1.8000 | td 0.0000 | planner 0.00 | seuil None | eau 0 | bouffe 3 | morts 96 | eps 1.00
step  103500 | wellbeing 0.000 | wm_loss 1.7790 | td 0.0000 | planner 0.00 | seuil None | eau 0 | bouffe 2 | morts 96 | eps 1.00
step  104000 | wellbeing 0.000 | wm_loss 1.8072 | td 0.0000 | planner 0.00 | seuil None | eau 0 | bouffe 0 | morts 96 | eps 1.00
step  104500 | wellbeing 0.000 | wm_loss 1.7930 | td 0.0000 | planner 0.00 | seuil None | eau 0 | bouffe 0 | morts 96 | eps 1.00
step  105000 | wellbeing 0.006 | wm_loss 1.7448 | td 0.0000 | planner 0.00 | seuil None | eau 2 | bouffe 2 | morts 96 | eps 1.00
step  105500 | wellbeing 0.024 | wm_loss 1.7747 | td 0.0000 | planner 0.00 | seuil None | eau 2 | bouffe 2 | morts 96 | eps 1.00
step  106000 | wellbeing 0.000 | wm_loss 1.7952 | td 0.0000 | planner 0.00 | seuil None | eau 2 | bouffe 1 | morts 96 | eps 1.00
step  106500 | wellbeing 0.011 | wm_loss 1.7906 | td 0.0000 | planner 0.00 | seuil None | eau 2 | bouffe 3 | morts 96 | eps 1.00
step  107000 | wellbeing 0.008 | wm_loss 1.7716 | td 0.0000 | planner 0.00 | seuil None | eau 3 | bouffe 2 | morts 96 | eps 1.00
step  107500 | wellbeing 0.000 | wm_loss 1.7775 | td 0.0000 | planner 0.00 | seuil None | eau 2 | bouffe 0 | morts 96 | eps 1.00
step  108000 | wellbeing 0.312 | wm_loss 1.7854 | td 0.0000 | planner 0.00 | seuil None | eau 3 | bouffe 0 | morts 98 | eps 1.00
step  108500 | wellbeing 0.207 | wm_loss 1.7952 | td 0.0000 | planner 0.00 | seuil None | eau 2 | bouffe 0 | morts 99 | eps 1.00
step  109000 | wellbeing 0.000 | wm_loss 1.8060 | td 0.0000 | planner 0.00 | seuil None | eau 3 | bouffe 1 | morts 99 | eps 1.00
step  109500 | wellbeing 0.159 | wm_loss 1.8263 | td 0.0000 | planner 0.00 | seuil None | eau 1 | bouffe 2 | morts 100 | eps 1.00
step  110000 | wellbeing 0.006 | wm_loss 1.7767 | td 0.0000 | planner 0.00 | seuil None | eau 5 | bouffe 1 | morts 100 | eps 1.00
step  110500 | wellbeing 0.291 | wm_loss 1.7745 | td 0.0000 | planner 0.00 | seuil None | eau 1 | bouffe 1 | morts 102 | eps 1.00
step  111000 | wellbeing 0.186 | wm_loss 1.8041 | td 0.0000 | planner 0.00 | seuil None | eau 2 | bouffe 1 | morts 103 | eps 1.00
step  111500 | wellbeing 0.006 | wm_loss 1.8592 | td 0.0000 | planner 0.00 | seuil None | eau 3 | bouffe 3 | morts 103 | eps 1.00
step  112000 | wellbeing 0.124 | wm_loss 1.8379 | td 0.0000 | planner 0.00 | seuil None | eau 2 | bouffe 0 | morts 104 | eps 1.00
step  112500 | wellbeing 0.060 | wm_loss 1.7703 | td 0.0000 | planner 0.00 | seuil None | eau 2 | bouffe 1 | morts 105 | eps 1.00
step  113000 | wellbeing 0.145 | wm_loss 1.8498 | td 0.0000 | planner 0.00 | seuil None | eau 0 | bouffe 2 | morts 105 | eps 1.00
step  113500 | wellbeing 0.006 | wm_loss 1.8103 | td 0.0000 | planner 0.00 | seuil None | eau 1 | bouffe 4 | morts 105 | eps 1.00
step  114000 | wellbeing 0.000 | wm_loss 1.8005 | td 0.0000 | planner 0.00 | seuil None | eau 2 | bouffe 0 | morts 105 | eps 1.00
step  114500 | wellbeing 0.021 | wm_loss 1.8409 | td 0.0000 | planner 0.00 | seuil None | eau 4 | bouffe 2 | morts 105 | eps 1.00
step  115000 | wellbeing 0.252 | wm_loss 1.7602 | td 0.0000 | planner 0.00 | seuil None | eau 0 | bouffe 4 | morts 107 | eps 1.00
step  115500 | wellbeing 0.208 | wm_loss 1.8084 | td 0.0000 | planner 0.00 | seuil None | eau 3 | bouffe 6 | morts 107 | eps 1.00
step  116000 | wellbeing 0.166 | wm_loss 1.7834 | td 0.0000 | planner 0.00 | seuil None | eau 1 | bouffe 3 | morts 108 | eps 1.00
step  116500 | wellbeing 0.173 | wm_loss 1.8040 | td 0.0000 | planner 0.00 | seuil None | eau 1 | bouffe 5 | morts 109 | eps 1.00
step  117000 | wellbeing 0.189 | wm_loss 1.7586 | td 0.0000 | planner 0.00 | seuil None | eau 1 | bouffe 2 | morts 110 | eps 1.00
step  117500 | wellbeing 0.156 | wm_loss 1.8371 | td 0.0000 | planner 0.00 | seuil None | eau 1 | bouffe 1 | morts 111 | eps 1.00
step  118000 | wellbeing 0.159 | wm_loss 1.7175 | td 0.0000 | planner 0.00 | seuil None | eau 2 | bouffe 2 | morts 112 | eps 1.00
step  118500 | wellbeing 0.155 | wm_loss 1.8114 | td 0.0000 | planner 0.00 | seuil None | eau 1 | bouffe 1 | morts 113 | eps 1.00
step  119000 | wellbeing 0.090 | wm_loss 1.7984 | td 0.0000 | planner 0.00 | seuil None | eau 3 | bouffe 5 | morts 113 | eps 1.00
step  119500 | wellbeing 0.042 | wm_loss 1.7877 | td 0.0000 | planner 0.00 | seuil None | eau 4 | bouffe 2 | morts 113 | eps 1.00
step  120000 | wellbeing 0.010 | wm_loss 1.8691 | td 0.0000 | planner 0.00 | seuil None | eau 2 | bouffe 4 | morts 113 | eps 1.00
step  120500 | wellbeing 0.000 | wm_loss 1.7777 | td 0.0000 | planner 0.00 | seuil None | eau 4 | bouffe 1 | morts 113 | eps 1.00
step  121000 | wellbeing 0.029 | wm_loss 1.7885 | td 0.0000 | planner 0.00 | seuil None | eau 3 | bouffe 2 | morts 113 | eps 1.00
step  121500 | wellbeing 0.036 | wm_loss 1.7748 | td 0.0000 | planner 0.00 | seuil None | eau 4 | bouffe 2 | morts 113 | eps 1.00
step  122000 | wellbeing 0.021 | wm_loss 1.8350 | td 0.0000 | planner 0.00 | seuil None | eau 4 | bouffe 2 | morts 113 | eps 1.00
step  122500 | wellbeing 0.000 | wm_loss 1.7928 | td 0.0000 | planner 0.00 | seuil None | eau 4 | bouffe 1 | morts 113 | eps 1.00
step  123000 | wellbeing 0.022 | wm_loss 1.7416 | td 0.0000 | planner 0.00 | seuil None | eau 6 | bouffe 2 | morts 113 | eps 1.00
step  123500 | wellbeing 0.000 | wm_loss 1.8054 | td 0.0000 | planner 0.00 | seuil None | eau 3 | bouffe 1 | morts 113 | eps 1.00
step  124000 | wellbeing 0.001 | wm_loss 1.7592 | td 0.0000 | planner 0.00 | seuil None | eau 7 | bouffe 1 | morts 113 | eps 1.00
step  124500 | wellbeing 0.040 | wm_loss 1.7993 | td 0.0000 | planner 0.00 | seuil None | eau 5 | bouffe 3 | morts 113 | eps 1.00
step  125000 | wellbeing 0.069 | wm_loss 1.8502 | td 0.0000 | planner 0.00 | seuil None | eau 3 | bouffe 2 | morts 113 | eps 1.00
step  125500 | wellbeing 0.002 | wm_loss 1.7659 | td 0.0000 | planner 0.00 | seuil None | eau 4 | bouffe 3 | morts 113 | eps 1.00
step  126000 | wellbeing 0.007 | wm_loss 1.8032 | td 0.0000 | planner 0.00 | seuil None | eau 3 | bouffe 4 | morts 113 | eps 1.00
step  126500 | wellbeing 0.000 | wm_loss 1.8001 | td 0.0000 | planner 0.00 | seuil None | eau 3 | bouffe 2 | morts 113 | eps 1.00
step  127000 | wellbeing 0.041 | wm_loss 1.8120 | td 0.0000 | planner 0.00 | seuil None | eau 5 | bouffe 4 | morts 113 | eps 1.00
step  127500 | wellbeing 0.156 | wm_loss 1.8190 | td 0.0000 | planner 0.00 | seuil None | eau 4 | bouffe 0 | morts 114 | eps 1.00
step  128000 | wellbeing 0.032 | wm_loss 1.8169 | td 0.0000 | planner 0.00 | seuil None | eau 1 | bouffe 3 | morts 114 | eps 1.00
step  128500 | wellbeing 0.000 | wm_loss 1.8659 | td 0.0000 | planner 0.00 | seuil None | eau 2 | bouffe 0 | morts 114 | eps 1.00
step  129000 | wellbeing 0.010 | wm_loss 1.7752 | td 0.0000 | planner 0.00 | seuil None | eau 2 | bouffe 1 | morts 114 | eps 1.00
step  129500 | wellbeing 0.009 | wm_loss 1.8401 | td 0.0000 | planner 0.00 | seuil None | eau 2 | bouffe 1 | morts 114 | eps 1.00
step  130000 | wellbeing 0.335 | wm_loss 1.7944 | td 0.0000 | planner 0.00 | seuil None | eau 3 | bouffe 1 | morts 115 | eps 1.00
step  130500 | wellbeing 0.157 | wm_loss 1.8024 | td 0.0000 | planner 0.00 | seuil None | eau 3 | bouffe 1 | morts 116 | eps 1.00
step  131000 | wellbeing 0.000 | wm_loss 1.8064 | td 0.0000 | planner 0.00 | seuil None | eau 0 | bouffe 2 | morts 116 | eps 1.00
step  131500 | wellbeing 0.000 | wm_loss 1.7908 | td 0.0000 | planner 0.00 | seuil None | eau 0 | bouffe 1 | morts 116 | eps 1.00
step  132000 | wellbeing 0.000 | wm_loss 1.7621 | td 0.0000 | planner 0.00 | seuil None | eau 0 | bouffe 1 | morts 116 | eps 1.00
step  132500 | wellbeing 0.183 | wm_loss 1.8399 | td 0.0000 | planner 0.00 | seuil None | eau 2 | bouffe 0 | morts 117 | eps 1.00
step  133000 | wellbeing 0.017 | wm_loss 1.7978 | td 0.0000 | planner 0.00 | seuil None | eau 5 | bouffe 1 | morts 117 | eps 1.00
step  133500 | wellbeing 0.165 | wm_loss 1.8120 | td 0.0000 | planner 0.00 | seuil None | eau 1 | bouffe 2 | morts 118 | eps 1.00
step  134000 | wellbeing 0.000 | wm_loss 1.7401 | td 0.0000 | planner 0.00 | seuil None | eau 0 | bouffe 3 | morts 118 | eps 1.00
step  134500 | wellbeing 0.000 | wm_loss 1.8255 | td 0.0000 | planner 0.00 | seuil None | eau 0 | bouffe 1 | morts 118 | eps 1.00
step  135000 | wellbeing 0.130 | wm_loss 1.7649 | td 0.0000 | planner 0.00 | seuil None | eau 0 | bouffe 2 | morts 119 | eps 1.00
step  135500 | wellbeing 0.076 | wm_loss 1.8491 | td 0.0000 | planner 0.00 | seuil None | eau 2 | bouffe 5 | morts 119 | eps 1.00
step  136000 | wellbeing 0.000 | wm_loss 1.7930 | td 0.0000 | planner 0.00 | seuil None | eau 0 | bouffe 0 | morts 119 | eps 1.00
step  136500 | wellbeing 0.000 | wm_loss 1.8009 | td 0.0000 | planner 0.00 | seuil None | eau 0 | bouffe 0 | morts 119 | eps 1.00
step  137000 | wellbeing 0.000 | wm_loss 1.7947 | td 0.0000 | planner 0.00 | seuil None | eau 0 | bouffe 0 | morts 119 | eps 1.00
step  137500 | wellbeing 0.155 | wm_loss 1.7883 | td 0.0000 | planner 0.00 | seuil None | eau 0 | bouffe 0 | morts 120 | eps 1.00
step  138000 | wellbeing 0.217 | wm_loss 1.9055 | td 0.0000 | planner 0.00 | seuil None | eau 2 | bouffe 3 | morts 121 | eps 1.00
step  138500 | wellbeing 0.026 | wm_loss 1.8037 | td 0.0000 | planner 0.00 | seuil None | eau 1 | bouffe 4 | morts 121 | eps 1.00
step  139000 | wellbeing 0.046 | wm_loss 1.8152 | td 0.0000 | planner 0.00 | seuil None | eau 6 | bouffe 3 | morts 121 | eps 1.00
step  139500 | wellbeing 0.019 | wm_loss 1.8443 | td 0.0000 | planner 0.00 | seuil None | eau 2 | bouffe 2 | morts 121 | eps 1.00
step  140000 | wellbeing 0.042 | wm_loss 1.8046 | td 0.0000 | planner 0.00 | seuil None | eau 5 | bouffe 3 | morts 121 | eps 1.00
step  140500 | wellbeing 0.054 | wm_loss 1.7842 | td 0.0000 | planner 0.00 | seuil None | eau 5 | bouffe 4 | morts 121 | eps 1.00
step  141000 | wellbeing 0.057 | wm_loss 1.8088 | td 0.0000 | planner 0.00 | seuil None | eau 4 | bouffe 4 | morts 121 | eps 1.00
step  141500 | wellbeing 0.195 | wm_loss 1.8295 | td 0.0000 | planner 0.00 | seuil None | eau 1 | bouffe 3 | morts 122 | eps 1.00
step  142000 | wellbeing 0.220 | wm_loss 1.8665 | td 0.0000 | planner 0.00 | seuil None | eau 4 | bouffe 3 | morts 123 | eps 1.00
step  142500 | wellbeing 0.048 | wm_loss 1.8186 | td 0.0000 | planner 0.00 | seuil None | eau 2 | bouffe 8 | morts 123 | eps 1.00
step  143000 | wellbeing 0.052 | wm_loss 1.8421 | td 0.0000 | planner 0.00 | seuil None | eau 1 | bouffe 7 | morts 123 | eps 1.00
step  143500 | wellbeing 0.000 | wm_loss 1.8031 | td 0.0000 | planner 0.00 | seuil None | eau 0 | bouffe 8 | morts 123 | eps 1.00
step  144000 | wellbeing 0.159 | wm_loss 1.8366 | td 0.0000 | planner 0.00 | seuil None | eau 0 | bouffe 5 | morts 124 | eps 1.00
step  144500 | wellbeing 0.156 | wm_loss 1.8218 | td 0.0000 | planner 0.00 | seuil None | eau 1 | bouffe 0 | morts 125 | eps 1.00
step  145000 | wellbeing 0.019 | wm_loss 1.8432 | td 0.0000 | planner 0.00 | seuil None | eau 1 | bouffe 2 | morts 125 | eps 1.00
step  145500 | wellbeing 0.000 | wm_loss 1.8411 | td 0.0000 | planner 0.00 | seuil None | eau 0 | bouffe 4 | morts 125 | eps 1.00
step  146000 | wellbeing 0.185 | wm_loss 1.8687 | td 0.0000 | planner 0.00 | seuil None | eau 2 | bouffe 0 | morts 126 | eps 1.00
step  146500 | wellbeing 0.000 | wm_loss 1.8380 | td 0.0000 | planner 0.00 | seuil None | eau 3 | bouffe 0 | morts 126 | eps 1.00
step  147000 | wellbeing 0.000 | wm_loss 1.8394 | td 0.0000 | planner 0.00 | seuil None | eau 3 | bouffe 0 | morts 126 | eps 1.00
step  147500 | wellbeing 0.014 | wm_loss 1.8242 | td 0.0000 | planner 0.00 | seuil None | eau 4 | bouffe 1 | morts 126 | eps 1.00
step  148000 | wellbeing 0.000 | wm_loss 1.8602 | td 0.0000 | planner 0.00 | seuil None | eau 3 | bouffe 0 | morts 126 | eps 1.00
step  148500 | wellbeing 0.003 | wm_loss 1.8429 | td 0.0000 | planner 0.00 | seuil None | eau 4 | bouffe 1 | morts 126 | eps 1.00
step  149000 | wellbeing 0.000 | wm_loss 1.8250 | td 0.0000 | planner 0.00 | seuil None | eau 3 | bouffe 0 | morts 126 | eps 1.00
step  149500 | wellbeing 0.000 | wm_loss 1.8608 | td 0.0000 | planner 0.00 | seuil None | eau 3 | bouffe 0 | morts 126 | eps 1.00
step  150000 | wellbeing 0.014 | wm_loss 1.8018 | td 0.0000 | planner 0.00 | seuil None | eau 3 | bouffe 1 | morts 126 | eps 1.00
  cerveau sauvegardé → runs/fouloide_online_seed0/checkpoint_online.pt
step  150500 | wellbeing 0.000 | wm_loss 1.8684 | td 0.0000 | planner 0.00 | seuil None | eau 2 | bouffe 1 | morts 126 | eps 1.00
step  151000 | wellbeing 0.000 | wm_loss 1.8354 | td 0.0000 | planner 0.00 | seuil None | eau 3 | bouffe 0 | morts 126 | eps 1.00
step  151500 | wellbeing 0.000 | wm_loss 1.9046 | td 0.0000 | planner 0.00 | seuil None | eau 1 | bouffe 0 | morts 126 | eps 1.00
step  152000 | wellbeing 0.000 | wm_loss 1.8649 | td 0.0000 | planner 0.00 | seuil None | eau 4 | bouffe 0 | morts 126 | eps 1.00
step  152500 | wellbeing 0.000 | wm_loss 1.8617 | td 0.0000 | planner 0.00 | seuil None | eau 3 | bouffe 0 | morts 126 | eps 1.00
step  153000 | wellbeing 0.000 | wm_loss 1.8802 | td 0.0000 | planner 0.00 | seuil None | eau 4 | bouffe 0 | morts 126 | eps 1.00
step  153500 | wellbeing 0.000 | wm_loss 1.8129 | td 0.0000 | planner 0.00 | seuil None | eau 6 | bouffe 0 | morts 126 | eps 1.00
step  154000 | wellbeing 0.000 | wm_loss 1.8584 | td 0.0000 | planner 0.00 | seuil None | eau 3 | bouffe 0 | morts 126 | eps 1.00
step  154500 | wellbeing 0.012 | wm_loss 1.8530 | td 0.0000 | planner 0.00 | seuil None | eau 3 | bouffe 1 | morts 126 | eps 1.00
step  155000 | wellbeing 0.000 | wm_loss 1.8600 | td 0.0000 | planner 0.00 | seuil None | eau 4 | bouffe 0 | morts 126 | eps 1.00
step  155500 | wellbeing 0.000 | wm_loss 1.9111 | td 0.0000 | planner 0.00 | seuil None | eau 4 | bouffe 0 | morts 126 | eps 1.00
step  156000 | wellbeing 0.028 | wm_loss 1.8528 | td 0.0000 | planner 0.00 | seuil None | eau 3 | bouffe 3 | morts 126 | eps 1.00
step  156500 | wellbeing 0.002 | wm_loss 1.8877 | td 0.0000 | planner 0.00 | seuil None | eau 3 | bouffe 1 | morts 126 | eps 1.00
step  157000 | wellbeing 0.000 | wm_loss 1.8746 | td 0.0000 | planner 0.00 | seuil None | eau 4 | bouffe 0 | morts 126 | eps 1.00
step  157500 | wellbeing 0.000 | wm_loss 1.8313 | td 0.0000 | planner 0.00 | seuil None | eau 4 | bouffe 0 | morts 126 | eps 1.00
step  158000 | wellbeing 0.000 | wm_loss 1.8628 | td 0.0000 | planner 0.00 | seuil None | eau 3 | bouffe 0 | morts 126 | eps 1.00
step  158500 | wellbeing 0.010 | wm_loss 1.8619 | td 0.0000 | planner 0.00 | seuil None | eau 4 | bouffe 2 | morts 126 | eps 1.00
step  159000 | wellbeing 0.001 | wm_loss 1.8675 | td 0.0000 | planner 0.00 | seuil None | eau 0 | bouffe 3 | morts 126 | eps 1.00
step  159500 | wellbeing 0.000 | wm_loss 1.8892 | td 0.0000 | planner 0.00 | seuil None | eau 3 | bouffe 2 | morts 126 | eps 1.00
step  160000 | wellbeing 0.000 | wm_loss 1.8620 | td 0.0000 | planner 0.00 | seuil None | eau 0 | bouffe 2 | morts 126 | eps 1.00
step  160500 | wellbeing 0.000 | wm_loss 1.8406 | td 0.0000 | planner 0.00 | seuil None | eau 0 | bouffe 0 | morts 126 | eps 1.00
step  161000 | wellbeing 0.030 | wm_loss 1.8858 | td 0.0000 | planner 0.00 | seuil None | eau 4 | bouffe 1 | morts 126 | eps 1.00
step  161500 | wellbeing 0.027 | wm_loss 1.8538 | td 0.0000 | planner 0.00 | seuil None | eau 0 | bouffe 2 | morts 126 | eps 1.00
step  162000 | wellbeing 0.000 | wm_loss 1.8694 | td 0.0000 | planner 0.00 | seuil None | eau 1 | bouffe 2 | morts 126 | eps 1.00
step  162500 | wellbeing 0.014 | wm_loss 1.8437 | td 0.0000 | planner 0.00 | seuil None | eau 1 | bouffe 2 | morts 126 | eps 1.00
step  163000 | wellbeing 0.002 | wm_loss 1.8884 | td 0.0000 | planner 0.00 | seuil None | eau 2 | bouffe 1 | morts 126 | eps 1.00
step  163500 | wellbeing 0.000 | wm_loss 1.9143 | td 0.0000 | planner 0.00 | seuil None | eau 0 | bouffe 1 | morts 126 | eps 1.00
step  164000 | wellbeing 0.000 | wm_loss 1.8681 | td 0.0000 | planner 0.00 | seuil None | eau 0 | bouffe 2 | morts 126 | eps 1.00
step  164500 | wellbeing 0.000 | wm_loss 1.9206 | td 0.0000 | planner 0.00 | seuil None | eau 0 | bouffe 3 | morts 126 | eps 1.00
step  165000 | wellbeing 0.000 | wm_loss 1.8698 | td 0.0000 | planner 0.00 | seuil None | eau 0 | bouffe 0 | morts 126 | eps 1.00
step  165500 | wellbeing 0.000 | wm_loss 1.8953 | td 0.0000 | planner 0.00 | seuil None | eau 2 | bouffe 2 | morts 126 | eps 1.00
step  166000 | wellbeing 0.000 | wm_loss 1.9194 | td 0.0000 | planner 0.00 | seuil None | eau 0 | bouffe 2 | morts 126 | eps 1.00
step  166500 | wellbeing 0.000 | wm_loss 1.9331 | td 0.0000 | planner 0.00 | seuil None | eau 0 | bouffe 0 | morts 126 | eps 1.00
step  167000 | wellbeing 0.000 | wm_loss 1.8605 | td 0.0000 | planner 0.00 | seuil None | eau 0 | bouffe 0 | morts 126 | eps 1.00
step  167500 | wellbeing 0.226 | wm_loss 1.9148 | td 0.0000 | planner 0.00 | seuil None | eau 1 | bouffe 1 | morts 127 | eps 1.00
step  168000 | wellbeing 0.164 | wm_loss 1.9277 | td 0.0000 | planner 0.00 | seuil None | eau 1 | bouffe 1 | morts 128 | eps 1.00
step  168500 | wellbeing 0.159 | wm_loss 1.9121 | td 0.0000 | planner 0.00 | seuil None | eau 2 | bouffe 2 | morts 129 | eps 1.00
step  169000 | wellbeing 0.000 | wm_loss 1.9351 | td 0.0000 | planner 0.00 | seuil None | eau 0 | bouffe 3 | morts 129 | eps 1.00
step  169500 | wellbeing 0.000 | wm_loss 1.9044 | td 0.0000 | planner 0.00 | seuil None | eau 0 | bouffe 2 | morts 129 | eps 1.00
step  170000 | wellbeing 0.000 | wm_loss 1.8770 | td 0.0000 | planner 0.00 | seuil None | eau 0 | bouffe 2 | morts 129 | eps 1.00
step  170500 | wellbeing 0.000 | wm_loss 1.9056 | td 0.0000 | planner 0.00 | seuil None | eau 0 | bouffe 2 | morts 129 | eps 1.00
step  171000 | wellbeing 0.269 | wm_loss 1.8493 | td 0.0000 | planner 0.00 | seuil None | eau 1 | bouffe 1 | morts 131 | eps 1.00
step  171500 | wellbeing 0.199 | wm_loss 1.9697 | td 0.0000 | planner 0.00 | seuil None | eau 0 | bouffe 1 | morts 132 | eps 1.00
step  172000 | wellbeing 0.017 | wm_loss 1.9507 | td 0.0000 | planner 0.00 | seuil None | eau 3 | bouffe 1 | morts 132 | eps 1.00
step  172500 | wellbeing 0.243 | wm_loss 1.9254 | td 0.0000 | planner 0.00 | seuil None | eau 1 | bouffe 1 | morts 133 | eps 1.00
step  173000 | wellbeing 0.000 | wm_loss 1.8942 | td 0.0000 | planner 0.00 | seuil None | eau 0 | bouffe 0 | morts 133 | eps 1.00
step  173500 | wellbeing 0.000 | wm_loss 1.9163 | td 0.0000 | planner 0.00 | seuil None | eau 0 | bouffe 0 | morts 133 | eps 1.00
step  174000 | wellbeing 0.000 | wm_loss 1.9332 | td 0.0000 | planner 0.00 | seuil None | eau 2 | bouffe 0 | morts 133 | eps 1.00
step  174500 | wellbeing 0.000 | wm_loss 1.8900 | td 0.0000 | planner 0.00 | seuil None | eau 1 | bouffe 0 | morts 133 | eps 1.00
step  175000 | wellbeing 0.000 | wm_loss 1.9172 | td 0.0000 | planner 0.00 | seuil None | eau 1 | bouffe 0 | morts 133 | eps 1.00
step  175500 | wellbeing 0.000 | wm_loss 1.9137 | td 0.0000 | planner 0.00 | seuil None | eau 1 | bouffe 0 | morts 133 | eps 1.00
step  176000 | wellbeing 0.000 | wm_loss 1.9793 | td 0.0000 | planner 0.00 | seuil None | eau 0 | bouffe 0 | morts 133 | eps 1.00
step  176500 | wellbeing 0.000 | wm_loss 1.8789 | td 0.0000 | planner 0.00 | seuil None | eau 0 | bouffe 0 | morts 133 | eps 1.00
step  177000 | wellbeing 0.000 | wm_loss 1.9311 | td 0.0000 | planner 0.00 | seuil None | eau 3 | bouffe 0 | morts 133 | eps 1.00
step  177500 | wellbeing 0.000 | wm_loss 1.9109 | td 0.0000 | planner 0.00 | seuil None | eau 3 | bouffe 0 | morts 133 | eps 1.00
step  178000 | wellbeing 0.028 | wm_loss 1.9747 | td 0.0000 | planner 0.00 | seuil None | eau 2 | bouffe 1 | morts 133 | eps 1.00
step  178500 | wellbeing 0.000 | wm_loss 1.9309 | td 0.0000 | planner 0.00 | seuil None | eau 4 | bouffe 1 | morts 133 | eps 1.00
step  179000 | wellbeing 0.008 | wm_loss 1.9469 | td 0.0000 | planner 0.00 | seuil None | eau 3 | bouffe 1 | morts 133 | eps 1.00
step  179500 | wellbeing 0.000 | wm_loss 1.9195 | td 0.0000 | planner 0.00 | seuil None | eau 1 | bouffe 1 | morts 133 | eps 1.00
step  180000 | wellbeing 0.024 | wm_loss 1.8996 | td 0.0000 | planner 0.00 | seuil None | eau 2 | bouffe 3 | morts 133 | eps 1.00
step  180500 | wellbeing 0.010 | wm_loss 1.9347 | td 0.0000 | planner 0.00 | seuil None | eau 3 | bouffe 1 | morts 133 | eps 1.00
step  181000 | wellbeing 0.010 | wm_loss 1.9535 | td 0.0000 | planner 0.00 | seuil None | eau 2 | bouffe 3 | morts 133 | eps 1.00
step  181500 | wellbeing 0.000 | wm_loss 1.9051 | td 0.0000 | planner 0.00 | seuil None | eau 1 | bouffe 0 | morts 133 | eps 1.00
step  182000 | wellbeing 0.045 | wm_loss 1.8754 | td 0.0000 | planner 0.00 | seuil None | eau 3 | bouffe 2 | morts 133 | eps 1.00
step  182500 | wellbeing 0.000 | wm_loss 1.9375 | td 0.0000 | planner 0.00 | seuil None | eau 1 | bouffe 0 | morts 133 | eps 1.00
step  183000 | wellbeing 0.000 | wm_loss 1.9146 | td 0.0000 | planner 0.00 | seuil None | eau 3 | bouffe 1 | morts 133 | eps 1.00
step  183500 | wellbeing 0.007 | wm_loss 1.9196 | td 0.0000 | planner 0.00 | seuil None | eau 4 | bouffe 2 | morts 133 | eps 1.00
step  184000 | wellbeing 0.025 | wm_loss 1.9257 | td 0.0000 | planner 0.00 | seuil None | eau 4 | bouffe 4 | morts 133 | eps 1.00
step  184500 | wellbeing 0.015 | wm_loss 1.9406 | td 0.0000 | planner 0.00 | seuil None | eau 2 | bouffe 4 | morts 134 | eps 1.00
step  185000 | wellbeing 0.144 | wm_loss 1.8882 | td 0.0000 | planner 0.00 | seuil None | eau 0 | bouffe 3 | morts 134 | eps 1.00
step  185500 | wellbeing 0.000 | wm_loss 1.9309 | td 0.0000 | planner 0.00 | seuil None | eau 2 | bouffe 0 | morts 134 | eps 1.00
step  186000 | wellbeing 0.000 | wm_loss 1.9425 | td 0.0000 | planner 0.00 | seuil None | eau 1 | bouffe 1 | morts 134 | eps 1.00
step  186500 | wellbeing 0.000 | wm_loss 1.8714 | td 0.0000 | planner 0.00 | seuil None | eau 1 | bouffe 0 | morts 134 | eps 1.00
step  187000 | wellbeing 0.000 | wm_loss 1.9202 | td 0.0000 | planner 0.00 | seuil None | eau 3 | bouffe 1 | morts 134 | eps 1.00
step  187500 | wellbeing 0.000 | wm_loss 1.8855 | td 0.0000 | planner 0.00 | seuil None | eau 0 | bouffe 4 | morts 134 | eps 1.00
step  188000 | wellbeing 0.000 | wm_loss 1.9561 | td 0.0000 | planner 0.00 | seuil None | eau 1 | bouffe 1 | morts 134 | eps 1.00
step  188500 | wellbeing 0.000 | wm_loss 1.8984 | td 0.0000 | planner 0.00 | seuil None | eau 2 | bouffe 0 | morts 134 | eps 1.00
step  189000 | wellbeing 0.000 | wm_loss 1.9140 | td 0.0000 | planner 0.00 | seuil None | eau 2 | bouffe 2 | morts 134 | eps 1.00
step  189500 | wellbeing 0.000 | wm_loss 1.9094 | td 0.0000 | planner 0.00 | seuil None | eau 2 | bouffe 1 | morts 134 | eps 1.00
step  190000 | wellbeing 0.000 | wm_loss 1.9588 | td 0.0000 | planner 0.00 | seuil None | eau 1 | bouffe 0 | morts 134 | eps 1.00
step  190500 | wellbeing 0.000 | wm_loss 1.9308 | td 0.0000 | planner 0.00 | seuil None | eau 3 | bouffe 1 | morts 134 | eps 1.00
step  191000 | wellbeing 0.000 | wm_loss 1.8973 | td 0.0000 | planner 0.00 | seuil None | eau 2 | bouffe 3 | morts 134 | eps 1.00
step  191500 | wellbeing 0.016 | wm_loss 1.9490 | td 0.0000 | planner 0.00 | seuil None | eau 2 | bouffe 2 | morts 134 | eps 1.00
step  192000 | wellbeing 0.000 | wm_loss 1.9319 | td 0.0000 | planner 0.00 | seuil None | eau 2 | bouffe 1 | morts 134 | eps 1.00
step  192500 | wellbeing 0.005 | wm_loss 1.9487 | td 0.0000 | planner 0.00 | seuil None | eau 3 | bouffe 3 | morts 134 | eps 1.00
step  193000 | wellbeing 0.019 | wm_loss 1.8878 | td 0.0000 | planner 0.00 | seuil None | eau 2 | bouffe 2 | morts 134 | eps 1.00
step  193500 | wellbeing 0.032 | wm_loss 1.9406 | td 0.0000 | planner 0.00 | seuil None | eau 3 | bouffe 3 | morts 134 | eps 1.00
step  194000 | wellbeing 0.030 | wm_loss 2.0005 | td 0.0000 | planner 0.00 | seuil None | eau 1 | bouffe 3 | morts 134 | eps 1.00
step  194500 | wellbeing 0.000 | wm_loss 1.9131 | td 0.0000 | planner 0.00 | seuil None | eau 1 | bouffe 2 | morts 134 | eps 1.00
step  195000 | wellbeing 0.030 | wm_loss 1.9001 | td 0.0000 | planner 0.00 | seuil None | eau 1 | bouffe 3 | morts 135 | eps 1.00
step  195500 | wellbeing 0.137 | wm_loss 1.9091 | td 0.0000 | planner 0.00 | seuil None | eau 1 | bouffe 1 | morts 135 | eps 1.00
step  196000 | wellbeing 0.021 | wm_loss 1.9043 | td 0.0000 | planner 0.00 | seuil None | eau 2 | bouffe 4 | morts 135 | eps 1.00
step  196500 | wellbeing 0.188 | wm_loss 1.9160 | td 0.0000 | planner 0.00 | seuil None | eau 2 | bouffe 2 | morts 136 | eps 1.00
step  197000 | wellbeing 0.016 | wm_loss 1.9252 | td 0.0000 | planner 0.00 | seuil None | eau 1 | bouffe 2 | morts 136 | eps 1.00
step  197500 | wellbeing 0.202 | wm_loss 1.9295 | td 0.0000 | planner 0.00 | seuil None | eau 1 | bouffe 1 | morts 137 | eps 1.00
step  198000 | wellbeing 0.155 | wm_loss 1.9965 | td 0.0000 | planner 0.00 | seuil None | eau 1 | bouffe 2 | morts 138 | eps 1.00
step  198500 | wellbeing 0.156 | wm_loss 1.8986 | td 0.0000 | planner 0.00 | seuil None | eau 2 | bouffe 1 | morts 139 | eps 1.00
step  199000 | wellbeing 0.037 | wm_loss 1.9750 | td 0.0000 | planner 0.00 | seuil None | eau 2 | bouffe 2 | morts 139 | eps 1.00
step  199500 | wellbeing 0.158 | wm_loss 1.9346 | td 0.0000 | planner 0.00 | seuil None | eau 0 | bouffe 2 | morts 140 | eps 1.00
step  200000 | wellbeing 0.039 | wm_loss 1.9504 | td 0.0000 | planner 0.00 | seuil None | eau 4 | bouffe 3 | morts 140 | eps 1.00
  cerveau sauvegardé → runs/fouloide_online_seed0/checkpoint_online.pt
step  200500 | wellbeing 0.033 | wm_loss 1.9008 | td 0.0000 | planner 0.00 | seuil None | eau 4 | bouffe 3 | morts 140 | eps 1.00
step  201000 | wellbeing 0.065 | wm_loss 1.9169 | td 0.0000 | planner 0.00 | seuil None | eau 3 | bouffe 4 | morts 140 | eps 1.00
step  201500 | wellbeing 0.019 | wm_loss 1.9238 | td 0.0000 | planner 0.00 | seuil None | eau 2 | bouffe 4 | morts 140 | eps 1.00
step  202000 | wellbeing 0.026 | wm_loss 1.9061 | td 0.0000 | planner 0.00 | seuil None | eau 4 | bouffe 3 | morts 140 | eps 1.00
step  202500 | wellbeing 0.018 | wm_loss 1.9911 | td 0.0000 | planner 0.00 | seuil None | eau 3 | bouffe 4 | morts 140 | eps 1.00
step  203000 | wellbeing 0.010 | wm_loss 1.9201 | td 0.0000 | planner 0.00 | seuil None | eau 1 | bouffe 4 | morts 140 | eps 1.00
step  203500 | wellbeing 0.051 | wm_loss 1.9168 | td 0.0000 | planner 0.00 | seuil None | eau 4 | bouffe 4 | morts 140 | eps 1.00
step  204000 | wellbeing 0.042 | wm_loss 1.8834 | td 0.0000 | planner 0.00 | seuil None | eau 2 | bouffe 3 | morts 140 | eps 1.00
step  204500 | wellbeing 0.040 | wm_loss 1.9462 | td 0.0000 | planner 0.00 | seuil None | eau 5 | bouffe 4 | morts 140 | eps 1.00
step  205000 | wellbeing 0.032 | wm_loss 1.9364 | td 0.0000 | planner 0.00 | seuil None | eau 4 | bouffe 4 | morts 140 | eps 1.00
step  205500 | wellbeing 0.029 | wm_loss 1.9639 | td 0.0000 | planner 0.00 | seuil None | eau 4 | bouffe 5 | morts 140 | eps 1.00
step  206000 | wellbeing 0.046 | wm_loss 1.9067 | td 0.0000 | planner 0.00 | seuil None | eau 3 | bouffe 5 | morts 140 | eps 1.00
step  206500 | wellbeing 0.078 | wm_loss 1.9219 | td 0.0000 | planner 0.00 | seuil None | eau 5 | bouffe 3 | morts 140 | eps 1.00
step  207000 | wellbeing 0.030 | wm_loss 1.9308 | td 0.0000 | planner 0.00 | seuil None | eau 5 | bouffe 4 | morts 140 | eps 1.00
step  207500 | wellbeing 0.067 | wm_loss 1.9418 | td 0.0000 | planner 0.00 | seuil None | eau 6 | bouffe 2 | morts 140 | eps 1.00
step  208000 | wellbeing 0.038 | wm_loss 1.9460 | td 0.0000 | planner 0.00 | seuil None | eau 4 | bouffe 5 | morts 140 | eps 1.00
step  208500 | wellbeing 0.043 | wm_loss 1.8879 | td 0.0000 | planner 0.00 | seuil None | eau 6 | bouffe 3 | morts 140 | eps 1.00
step  209000 | wellbeing 0.162 | wm_loss 1.9188 | td 0.0000 | planner 0.00 | seuil None | eau 1 | bouffe 3 | morts 141 | eps 1.00
step  209500 | wellbeing 0.158 | wm_loss 1.9614 | td 0.0000 | planner 0.00 | seuil None | eau 0 | bouffe 6 | morts 142 | eps 1.00
step  210000 | wellbeing 0.046 | wm_loss 1.9660 | td 0.0000 | planner 0.00 | seuil None | eau 3 | bouffe 5 | morts 142 | eps 1.00
step  210500 | wellbeing 0.122 | wm_loss 1.9671 | td 0.0000 | planner 0.00 | seuil None | eau 3 | bouffe 6 | morts 142 | eps 1.00
step  211000 | wellbeing 0.140 | wm_loss 1.9265 | td 0.0000 | planner 0.00 | seuil None | eau 2 | bouffe 2 | morts 143 | eps 1.00
step  211500 | wellbeing 0.054 | wm_loss 1.9195 | td 0.0000 | planner 0.00 | seuil None | eau 2 | bouffe 1 | morts 143 | eps 1.00
step  212000 | wellbeing 0.000 | wm_loss 1.9533 | td 0.0000 | planner 0.00 | seuil None | eau 0 | bouffe 4 | morts 143 | eps 1.00
step  212500 | wellbeing 0.044 | wm_loss 1.9480 | td 0.0000 | planner 0.00 | seuil None | eau 6 | bouffe 4 | morts 143 | eps 1.00
step  213000 | wellbeing 0.034 | wm_loss 1.9264 | td 0.0000 | planner 0.00 | seuil None | eau 0 | bouffe 4 | morts 143 | eps 1.00
step  213500 | wellbeing 0.070 | wm_loss 1.9184 | td 0.0000 | planner 0.00 | seuil None | eau 4 | bouffe 5 | morts 143 | eps 1.00
step  214000 | wellbeing 0.045 | wm_loss 1.9689 | td 0.0000 | planner 0.00 | seuil None | eau 4 | bouffe 5 | morts 143 | eps 1.00
step  214500 | wellbeing 0.055 | wm_loss 1.9068 | td 0.0000 | planner 0.00 | seuil None | eau 3 | bouffe 7 | morts 143 | eps 1.00
step  215000 | wellbeing 0.026 | wm_loss 1.9813 | td 0.0000 | planner 0.00 | seuil None | eau 3 | bouffe 1 | morts 143 | eps 1.00
step  215500 | wellbeing 0.000 | wm_loss 1.9522 | td 0.0000 | planner 0.00 | seuil None | eau 3 | bouffe 0 | morts 143 | eps 1.00
step  216000 | wellbeing 0.000 | wm_loss 1.9069 | td 0.0000 | planner 0.00 | seuil None | eau 3 | bouffe 0 | morts 143 | eps 1.00
step  216500 | wellbeing 0.000 | wm_loss 1.9499 | td 0.0000 | planner 0.00 | seuil None | eau 3 | bouffe 0 | morts 143 | eps 1.00
step  217000 | wellbeing 0.000 | wm_loss 1.9002 | td 0.0000 | planner 0.00 | seuil None | eau 3 | bouffe 0 | morts 143 | eps 1.00
step  217500 | wellbeing 0.000 | wm_loss 1.9188 | td 0.0000 | planner 0.00 | seuil None | eau 4 | bouffe 0 | morts 143 | eps 1.00
step  218000 | wellbeing 0.000 | wm_loss 1.9418 | td 0.0000 | planner 0.00 | seuil None | eau 3 | bouffe 0 | morts 143 | eps 1.00
step  218500 | wellbeing 0.000 | wm_loss 1.9568 | td 0.0000 | planner 0.00 | seuil None | eau 4 | bouffe 0 | morts 143 | eps 1.00
step  219000 | wellbeing 0.000 | wm_loss 1.9853 | td 0.0000 | planner 0.00 | seuil None | eau 3 | bouffe 0 | morts 143 | eps 1.00
step  219500 | wellbeing 0.017 | wm_loss 1.9354 | td 0.0000 | planner 0.00 | seuil None | eau 4 | bouffe 1 | morts 143 | eps 1.00
step  220000 | wellbeing 0.000 | wm_loss 1.9694 | td 0.0000 | planner 0.00 | seuil None | eau 3 | bouffe 0 | morts 143 | eps 1.00
step  220500 | wellbeing 0.000 | wm_loss 1.9429 | td 0.0000 | planner 0.00 | seuil None | eau 3 | bouffe 0 | morts 143 | eps 1.00
step  221000 | wellbeing 0.000 | wm_loss 1.9239 | td 0.0000 | planner 0.00 | seuil None | eau 3 | bouffe 0 | morts 143 | eps 1.00
step  221500 | wellbeing 0.000 | wm_loss 1.9336 | td 0.0000 | planner 0.00 | seuil None | eau 3 | bouffe 0 | morts 143 | eps 1.00
step  222000 | wellbeing 0.000 | wm_loss 1.9001 | td 0.0000 | planner 0.00 | seuil None | eau 4 | bouffe 0 | morts 143 | eps 1.00
step  222500 | wellbeing 0.000 | wm_loss 1.9898 | td 0.0000 | planner 0.00 | seuil None | eau 4 | bouffe 0 | morts 143 | eps 1.00
step  223000 | wellbeing 0.000 | wm_loss 1.8950 | td 0.0000 | planner 0.00 | seuil None | eau 3 | bouffe 0 | morts 143 | eps 1.00
step  223500 | wellbeing 0.000 | wm_loss 1.9393 | td 0.0000 | planner 0.00 | seuil None | eau 2 | bouffe 0 | morts 143 | eps 1.00
step  224000 | wellbeing 0.000 | wm_loss 1.9438 | td 0.0000 | planner 0.00 | seuil None | eau 2 | bouffe 0 | morts 143 | eps 1.00
step  224500 | wellbeing 0.000 | wm_loss 1.9531 | td 0.0000 | planner 0.00 | seuil None | eau 3 | bouffe 0 | morts 143 | eps 1.00
step  225000 | wellbeing 0.000 | wm_loss 1.8674 | td 0.0000 | planner 0.00 | seuil None | eau 2 | bouffe 0 | morts 143 | eps 1.00
step  225500 | wellbeing 0.000 | wm_loss 1.9500 | td 0.0000 | planner 0.00 | seuil None | eau 3 | bouffe 0 | morts 143 | eps 1.00
step  226000 | wellbeing 0.000 | wm_loss 1.9323 | td 0.0000 | planner 0.00 | seuil None | eau 3 | bouffe 0 | morts 143 | eps 1.00
step  226500 | wellbeing 0.000 | wm_loss 1.9079 | td 0.0000 | planner 0.00 | seuil None | eau 2 | bouffe 0 | morts 143 | eps 1.00
step  227000 | wellbeing 0.000 | wm_loss 1.9819 | td 0.0000 | planner 0.00 | seuil None | eau 4 | bouffe 0 | morts 143 | eps 1.00
step  227500 | wellbeing 0.000 | wm_loss 1.8923 | td 0.0000 | planner 0.00 | seuil None | eau 3 | bouffe 0 | morts 143 | eps 1.00
step  228000 | wellbeing 0.000 | wm_loss 1.9181 | td 0.0000 | planner 0.00 | seuil None | eau 4 | bouffe 0 | morts 143 | eps 1.00
step  228500 | wellbeing 0.000 | wm_loss 1.9278 | td 0.0000 | planner 0.00 | seuil None | eau 3 | bouffe 0 | morts 143 | eps 1.00
step  229000 | wellbeing 0.000 | wm_loss 1.9303 | td 0.0000 | planner 0.00 | seuil None | eau 4 | bouffe 0 | morts 143 | eps 1.00
step  229500 | wellbeing 0.000 | wm_loss 1.9031 | td 0.0000 | planner 0.00 | seuil None | eau 4 | bouffe 0 | morts 143 | eps 1.00
step  230000 | wellbeing 0.000 | wm_loss 1.9918 | td 0.0000 | planner 0.00 | seuil None | eau 3 | bouffe 0 | morts 143 | eps 1.00
step  230500 | wellbeing 0.000 | wm_loss 1.9555 | td 0.0000 | planner 0.00 | seuil None | eau 3 | bouffe 0 | morts 143 | eps 1.00
step  231000 | wellbeing 0.000 | wm_loss 1.9788 | td 0.0000 | planner 0.00 | seuil None | eau 4 | bouffe 0 | morts 143 | eps 1.00
step  231500 | wellbeing 0.000 | wm_loss 1.8679 | td 0.0000 | planner 0.00 | seuil None | eau 3 | bouffe 0 | morts 143 | eps 1.00
step  232000 | wellbeing 0.000 | wm_loss 1.9347 | td 0.0000 | planner 0.00 | seuil None | eau 4 | bouffe 0 | morts 143 | eps 1.00
step  232500 | wellbeing 0.000 | wm_loss 1.9345 | td 0.0000 | planner 0.00 | seuil None | eau 4 | bouffe 0 | morts 143 | eps 1.00
step  233000 | wellbeing 0.000 | wm_loss 1.9531 | td 0.0000 | planner 0.00 | seuil None | eau 3 | bouffe 0 | morts 143 | eps 1.00
step  233500 | wellbeing 0.000 | wm_loss 1.9262 | td 0.0000 | planner 0.00 | seuil None | eau 3 | bouffe 1 | morts 143 | eps 1.00
step  234000 | wellbeing 0.000 | wm_loss 2.0156 | td 0.0000 | planner 0.00 | seuil None | eau 1 | bouffe 3 | morts 143 | eps 1.00
step  234500 | wellbeing 0.025 | wm_loss 1.9175 | td 0.0000 | planner 0.00 | seuil None | eau 2 | bouffe 6 | morts 143 | eps 1.00
step  235000 | wellbeing 0.048 | wm_loss 1.9148 | td 0.0000 | planner 0.00 | seuil None | eau 2 | bouffe 6 | morts 143 | eps 1.00
step  235500 | wellbeing 0.042 | wm_loss 1.9061 | td 0.0000 | planner 0.00 | seuil None | eau 5 | bouffe 4 | morts 143 | eps 1.00
step  236000 | wellbeing 0.049 | wm_loss 1.9479 | td 0.0000 | planner 0.00 | seuil None | eau 3 | bouffe 6 | morts 143 | eps 1.00
step  236500 | wellbeing 0.009 | wm_loss 1.9266 | td 0.0000 | planner 0.00 | seuil None | eau 2 | bouffe 6 | morts 143 | eps 1.00
step  237000 | wellbeing 0.000 | wm_loss 1.9106 | td 0.0000 | planner 0.00 | seuil None | eau 2 | bouffe 3 | morts 143 | eps 1.00
step  237500 | wellbeing 0.012 | wm_loss 1.8974 | td 0.0000 | planner 0.00 | seuil None | eau 2 | bouffe 5 | morts 143 | eps 1.00
step  238000 | wellbeing 0.058 | wm_loss 2.0195 | td 0.0000 | planner 0.00 | seuil None | eau 3 | bouffe 5 | morts 143 | eps 1.00
step  238500 | wellbeing 0.000 | wm_loss 1.9676 | td 0.0000 | planner 0.00 | seuil None | eau 2 | bouffe 3 | morts 143 | eps 1.00
step  239000 | wellbeing 0.000 | wm_loss 1.8882 | td 0.0000 | planner 0.00 | seuil None | eau 4 | bouffe 0 | morts 143 | eps 1.00
step  239500 | wellbeing 0.000 | wm_loss 1.9268 | td 0.0000 | planner 0.00 | seuil None | eau 2 | bouffe 1 | morts 143 | eps 1.00
step  240000 | wellbeing 0.000 | wm_loss 1.8441 | td 0.0000 | planner 0.00 | seuil None | eau 4 | bouffe 1 | morts 143 | eps 1.00
step  240500 | wellbeing 0.027 | wm_loss 1.9496 | td 0.0000 | planner 0.00 | seuil None | eau 3 | bouffe 0 | morts 144 | eps 1.00
step  241000 | wellbeing 0.187 | wm_loss 1.9670 | td 0.0000 | planner 0.00 | seuil None | eau 1 | bouffe 2 | morts 144 | eps 1.00
step  241500 | wellbeing 0.197 | wm_loss 1.9312 | td 0.0000 | planner 0.00 | seuil None | eau 2 | bouffe 2 | morts 145 | eps 1.00
step  242000 | wellbeing 0.461 | wm_loss 1.9695 | td 0.0000 | planner 0.00 | seuil None | eau 0 | bouffe 0 | morts 148 | eps 1.00
step  242500 | wellbeing 0.002 | wm_loss 1.9559 | td 0.0000 | planner 0.00 | seuil None | eau 1 | bouffe 2 | morts 148 | eps 1.00
step  243000 | wellbeing 0.006 | wm_loss 1.9612 | td 0.0000 | planner 0.00 | seuil None | eau 1 | bouffe 3 | morts 148 | eps 1.00
step  243500 | wellbeing 0.000 | wm_loss 1.9262 | td 0.0000 | planner 0.00 | seuil None | eau 0 | bouffe 1 | morts 148 | eps 1.00
step  244000 | wellbeing 0.000 | wm_loss 1.9229 | td 0.0000 | planner 0.00 | seuil None | eau 0 | bouffe 0 | morts 148 | eps 1.00
step  244500 | wellbeing 0.503 | wm_loss 1.9930 | td 0.0000 | planner 0.00 | seuil None | eau 3 | bouffe 3 | morts 150 | eps 1.00
step  245000 | wellbeing 0.094 | wm_loss 1.9581 | td 0.0000 | planner 0.00 | seuil None | eau 4 | bouffe 2 | morts 150 | eps 1.00
step  245500 | wellbeing 0.159 | wm_loss 1.9334 | td 0.0000 | planner 0.00 | seuil None | eau 0 | bouffe 2 | morts 151 | eps 1.00
step  246000 | wellbeing 0.155 | wm_loss 1.9849 | td 0.0000 | planner 0.00 | seuil None | eau 0 | bouffe 1 | morts 152 | eps 1.00
step  246500 | wellbeing 0.251 | wm_loss 1.9565 | td 0.0000 | planner 0.00 | seuil None | eau 3 | bouffe 3 | morts 153 | eps 1.00
step  247000 | wellbeing 0.290 | wm_loss 1.9839 | td 0.0000 | planner 0.00 | seuil None | eau 1 | bouffe 3 | morts 154 | eps 1.00
step  247500 | wellbeing 0.156 | wm_loss 1.9455 | td 0.0000 | planner 0.00 | seuil None | eau 1 | bouffe 1 | morts 155 | eps 1.00
step  248000 | wellbeing 0.155 | wm_loss 2.0675 | td 0.0000 | planner 0.00 | seuil None | eau 2 | bouffe 1 | morts 156 | eps 1.00
step  248500 | wellbeing 0.156 | wm_loss 1.9483 | td 0.0000 | planner 0.00 | seuil None | eau 0 | bouffe 3 | morts 157 | eps 1.00
step  249000 | wellbeing 0.159 | wm_loss 1.9773 | td 0.0000 | planner 0.00 | seuil None | eau 0 | bouffe 1 | morts 158 | eps 1.00
step  249500 | wellbeing 0.000 | wm_loss 1.9890 | td 0.0000 | planner 0.00 | seuil None | eau 0 | bouffe 2 | morts 158 | eps 1.00
step  250000 | wellbeing 0.044 | wm_loss 1.9696 | td 0.0000 | planner 0.00 | seuil None | eau 1 | bouffe 2 | morts 159 | eps 1.00
  cerveau sauvegardé → runs/fouloide_online_seed0/checkpoint_online.pt
step  250500 | wellbeing 0.306 | wm_loss 1.9299 | td 0.0000 | planner 0.00 | seuil None | eau 1 | bouffe 4 | morts 160 | eps 1.00
step  251000 | wellbeing 0.139 | wm_loss 1.9769 | td 0.0000 | planner 0.00 | seuil None | eau 2 | bouffe 3 | morts 161 | eps 1.00
step  251500 | wellbeing 0.069 | wm_loss 2.0104 | td 0.0000 | planner 0.00 | seuil None | eau 0 | bouffe 1 | morts 161 | eps 1.00
step  252000 | wellbeing 0.179 | wm_loss 1.9461 | td 0.0000 | planner 0.00 | seuil None | eau 2 | bouffe 0 | morts 162 | eps 1.00
step  252500 | wellbeing 0.146 | wm_loss 1.9988 | td 0.0000 | planner 0.00 | seuil None | eau 0 | bouffe 1 | morts 163 | eps 1.00
step  253000 | wellbeing 0.012 | wm_loss 1.9680 | td 0.0000 | planner 0.00 | seuil None | eau 1 | bouffe 0 | morts 163 | eps 1.00
step  253500 | wellbeing 0.310 | wm_loss 1.9884 | td 0.0000 | planner 0.00 | seuil None | eau 1 | bouffe 1 | morts 165 | eps 1.00
step  254000 | wellbeing 0.157 | wm_loss 1.9521 | td 0.0000 | planner 0.00 | seuil None | eau 0 | bouffe 0 | morts 166 | eps 1.00
step  254500 | wellbeing 0.000 | wm_loss 1.9770 | td 0.0000 | planner 0.00 | seuil None | eau 2 | bouffe 2 | morts 166 | eps 1.00
step  255000 | wellbeing 0.208 | wm_loss 1.9973 | td 0.0000 | planner 0.00 | seuil None | eau 2 | bouffe 1 | morts 167 | eps 1.00
step  255500 | wellbeing 0.000 | wm_loss 2.0006 | td 0.0000 | planner 0.00 | seuil None | eau 0 | bouffe 0 | morts 167 | eps 1.00
step  256000 | wellbeing 0.000 | wm_loss 1.9671 | td 0.0000 | planner 0.00 | seuil None | eau 0 | bouffe 0 | morts 167 | eps 1.00
step  256500 | wellbeing 0.000 | wm_loss 2.0477 | td 0.0000 | planner 0.00 | seuil None | eau 0 | bouffe 1 | morts 167 | eps 1.00
step  257000 | wellbeing 0.000 | wm_loss 1.9395 | td 0.0000 | planner 0.00 | seuil None | eau 0 | bouffe 0 | morts 167 | eps 1.00
step  257500 | wellbeing 0.000 | wm_loss 1.9949 | td 0.0000 | planner 0.00 | seuil None | eau 0 | bouffe 0 | morts 167 | eps 1.00
step  258000 | wellbeing 0.000 | wm_loss 1.9693 | td 0.0000 | planner 0.00 | seuil None | eau 0 | bouffe 2 | morts 167 | eps 1.00
step  258500 | wellbeing 0.000 | wm_loss 1.9217 | td 0.0000 | planner 0.00 | seuil None | eau 0 | bouffe 1 | morts 167 | eps 1.00
step  259000 | wellbeing 0.000 | wm_loss 1.9593 | td 0.0000 | planner 0.00 | seuil None | eau 0 | bouffe 1 | morts 167 | eps 1.00
step  259500 | wellbeing 0.000 | wm_loss 2.0087 | td 0.0000 | planner 0.00 | seuil None | eau 0 | bouffe 0 | morts 167 | eps 1.00
step  260000 | wellbeing 0.000 | wm_loss 1.9163 | td 0.0000 | planner 0.00 | seuil None | eau 0 | bouffe 0 | morts 167 | eps 1.00
step  260500 | wellbeing 0.000 | wm_loss 2.0147 | td 0.0000 | planner 0.00 | seuil None | eau 0 | bouffe 0 | morts 167 | eps 1.00
step  261000 | wellbeing 0.000 | wm_loss 1.9965 | td 0.0000 | planner 0.00 | seuil None | eau 0 | bouffe 0 | morts 167 | eps 1.00
step  261500 | wellbeing 0.000 | wm_loss 2.0295 | td 0.0000 | planner 0.00 | seuil None | eau 0 | bouffe 2 | morts 167 | eps 1.00
step  262000 | wellbeing 0.000 | wm_loss 1.9884 | td 0.0000 | planner 0.00 | seuil None | eau 0 | bouffe 1 | morts 167 | eps 1.00
step  262500 | wellbeing 0.000 | wm_loss 1.9387 | td 0.0000 | planner 0.00 | seuil None | eau 0 | bouffe 0 | morts 167 | eps 1.00
step  263000 | wellbeing 0.000 | wm_loss 1.9708 | td 0.0000 | planner 0.00 | seuil None | eau 0 | bouffe 0 | morts 167 | eps 1.00
step  263500 | wellbeing 0.000 | wm_loss 1.9562 | td 0.0000 | planner 0.00 | seuil None | eau 0 | bouffe 0 | morts 167 | eps 1.00
step  264000 | wellbeing 0.000 | wm_loss 1.9821 | td 0.0000 | planner 0.00 | seuil None | eau 0 | bouffe 1 | morts 167 | eps 1.00
step  264500 | wellbeing 0.000 | wm_loss 1.9697 | td 0.0000 | planner 0.00 | seuil None | eau 0 | bouffe 0 | morts 167 | eps 1.00
step  265000 | wellbeing 0.000 | wm_loss 2.0461 | td 0.0000 | planner 0.00 | seuil None | eau 0 | bouffe 0 | morts 167 | eps 1.00
step  265500 | wellbeing 0.000 | wm_loss 1.9786 | td 0.0000 | planner 0.00 | seuil None | eau 0 | bouffe 0 | morts 167 | eps 1.00
step  266000 | wellbeing 0.000 | wm_loss 1.9519 | td 0.0000 | planner 0.00 | seuil None | eau 0 | bouffe 3 | morts 167 | eps 1.00
step  266500 | wellbeing 0.000 | wm_loss 1.9952 | td 0.0000 | planner 0.00 | seuil None | eau 0 | bouffe 0 | morts 167 | eps 1.00
step  267000 | wellbeing 0.000 | wm_loss 1.9682 | td 0.0000 | planner 0.00 | seuil None | eau 0 | bouffe 0 | morts 167 | eps 1.00
step  267500 | wellbeing 0.000 | wm_loss 1.9547 | td 0.0000 | planner 0.00 | seuil None | eau 0 | bouffe 1 | morts 167 | eps 1.00
step  268000 | wellbeing 0.000 | wm_loss 1.9712 | td 0.0000 | planner 0.00 | seuil None | eau 0 | bouffe 0 | morts 167 | eps 1.00
step  268500 | wellbeing 0.000 | wm_loss 1.9109 | td 0.0000 | planner 0.00 | seuil None | eau 0 | bouffe 1 | morts 167 | eps 1.00
step  269000 | wellbeing 0.000 | wm_loss 1.9759 | td 0.0000 | planner 0.00 | seuil None | eau 0 | bouffe 2 | morts 167 | eps 1.00
step  269500 | wellbeing 0.000 | wm_loss 1.9704 | td 0.0000 | planner 0.00 | seuil None | eau 0 | bouffe 1 | morts 167 | eps 1.00
step  270000 | wellbeing 0.000 | wm_loss 1.9587 | td 0.0000 | planner 0.00 | seuil None | eau 0 | bouffe 1 | morts 167 | eps 1.00
step  270500 | wellbeing 0.000 | wm_loss 2.0162 | td 0.0000 | planner 0.00 | seuil None | eau 0 | bouffe 0 | morts 167 | eps 1.00
step  271000 | wellbeing 0.000 | wm_loss 1.9771 | td 0.0000 | planner 0.00 | seuil None | eau 0 | bouffe 2 | morts 167 | eps 1.00
step  271500 | wellbeing 0.000 | wm_loss 1.9779 | td 0.0000 | planner 0.00 | seuil None | eau 0 | bouffe 2 | morts 167 | eps 1.00
step  272000 | wellbeing 0.000 | wm_loss 1.9782 | td 0.0000 | planner 0.00 | seuil None | eau 1 | bouffe 4 | morts 167 | eps 1.00
step  272500 | wellbeing 0.000 | wm_loss 1.9548 | td 0.0000 | planner 0.00 | seuil None | eau 0 | bouffe 2 | morts 167 | eps 1.00
step  273000 | wellbeing 0.000 | wm_loss 1.9060 | td 0.0000 | planner 0.00 | seuil None | eau 0 | bouffe 4 | morts 167 | eps 1.00
step  273500 | wellbeing 0.000 | wm_loss 1.9894 | td 0.0000 | planner 0.00 | seuil None | eau 1 | bouffe 2 | morts 167 | eps 1.00
step  274000 | wellbeing 0.000 | wm_loss 1.9897 | td 0.0000 | planner 0.00 | seuil None | eau 0 | bouffe 3 | morts 167 | eps 1.00
step  274500 | wellbeing 0.030 | wm_loss 2.0033 | td 0.0000 | planner 0.00 | seuil None | eau 2 | bouffe 3 | morts 167 | eps 1.00
step  275000 | wellbeing 0.000 | wm_loss 1.9532 | td 0.0000 | planner 0.00 | seuil None | eau 2 | bouffe 1 | morts 167 | eps 1.00
step  275500 | wellbeing 0.000 | wm_loss 2.0056 | td 0.0000 | planner 0.00 | seuil None | eau 1 | bouffe 1 | morts 167 | eps 1.00
step  276000 | wellbeing 0.000 | wm_loss 1.9150 | td 0.0000 | planner 0.00 | seuil None | eau 4 | bouffe 2 | morts 167 | eps 1.00
step  276500 | wellbeing 0.118 | wm_loss 1.9615 | td 0.0000 | planner 0.00 | seuil None | eau 0 | bouffe 1 | morts 168 | eps 1.00
step  277000 | wellbeing 0.038 | wm_loss 2.0239 | td 0.0000 | planner 0.00 | seuil None | eau 2 | bouffe 0 | morts 168 | eps 1.00
step  277500 | wellbeing 0.155 | wm_loss 2.0083 | td 0.0000 | planner 0.00 | seuil None | eau 2 | bouffe 0 | morts 169 | eps 1.00
step  278000 | wellbeing 0.000 | wm_loss 2.0208 | td 0.0000 | planner 0.00 | seuil None | eau 0 | bouffe 1 | morts 169 | eps 1.00
step  278500 | wellbeing 0.430 | wm_loss 1.9446 | td 0.0000 | planner 0.00 | seuil None | eau 2 | bouffe 1 | morts 171 | eps 1.00
step  279000 | wellbeing 0.050 | wm_loss 1.9729 | td 0.0000 | planner 0.00 | seuil None | eau 2 | bouffe 2 | morts 171 | eps 1.00
step  279500 | wellbeing 0.000 | wm_loss 2.0006 | td 0.0000 | planner 0.00 | seuil None | eau 1 | bouffe 1 | morts 171 | eps 1.00
step  280000 | wellbeing 0.001 | wm_loss 2.0185 | td 0.0000 | planner 0.00 | seuil None | eau 1 | bouffe 4 | morts 171 | eps 1.00
step  280500 | wellbeing 0.037 | wm_loss 1.9441 | td 0.0000 | planner 0.00 | seuil None | eau 2 | bouffe 3 | morts 171 | eps 1.00
step  281000 | wellbeing 0.294 | wm_loss 1.9780 | td 0.0000 | planner 0.00 | seuil None | eau 2 | bouffe 1 | morts 172 | eps 1.00
step  281500 | wellbeing 0.000 | wm_loss 1.9721 | td 0.0000 | planner 0.00 | seuil None | eau 1 | bouffe 0 | morts 172 | eps 1.00
step  282000 | wellbeing 0.000 | wm_loss 1.9795 | td 0.0000 | planner 0.00 | seuil None | eau 2 | bouffe 0 | morts 172 | eps 1.00
step  282500 | wellbeing 0.000 | wm_loss 1.9716 | td 0.0000 | planner 0.00 | seuil None | eau 1 | bouffe 1 | morts 172 | eps 1.00
step  283000 | wellbeing 0.000 | wm_loss 1.9597 | td 0.0000 | planner 0.00 | seuil None | eau 3 | bouffe 2 | morts 172 | eps 1.00
step  283500 | wellbeing 0.000 | wm_loss 1.9773 | td 0.0000 | planner 0.00 | seuil None | eau 0 | bouffe 0 | morts 172 | eps 1.00
step  284000 | wellbeing 0.000 | wm_loss 1.9779 | td 0.0000 | planner 0.00 | seuil None | eau 1 | bouffe 0 | morts 172 | eps 1.00
step  284500 | wellbeing 0.159 | wm_loss 1.9257 | td 0.0000 | planner 0.00 | seuil None | eau 2 | bouffe 1 | morts 173 | eps 1.00
step  285000 | wellbeing 0.153 | wm_loss 1.9708 | td 0.0000 | planner 0.00 | seuil None | eau 1 | bouffe 1 | morts 174 | eps 1.00
step  285500 | wellbeing 0.000 | wm_loss 1.9819 | td 0.0000 | planner 0.00 | seuil None | eau 3 | bouffe 0 | morts 174 | eps 1.00
step  286000 | wellbeing 0.000 | wm_loss 1.9503 | td 0.0000 | planner 0.00 | seuil None | eau 5 | bouffe 0 | morts 174 | eps 1.00
step  286500 | wellbeing 0.000 | wm_loss 1.9450 | td 0.0000 | planner 0.00 | seuil None | eau 6 | bouffe 0 | morts 174 | eps 1.00
step  287000 | wellbeing 0.002 | wm_loss 1.9491 | td 0.0000 | planner 0.00 | seuil None | eau 2 | bouffe 1 | morts 174 | eps 1.00
step  287500 | wellbeing 0.000 | wm_loss 1.9389 | td 0.0000 | planner 0.00 | seuil None | eau 3 | bouffe 0 | morts 174 | eps 1.00
step  288000 | wellbeing 0.110 | wm_loss 1.9340 | td 0.0000 | planner 0.00 | seuil None | eau 2 | bouffe 0 | morts 175 | eps 1.00
step  288500 | wellbeing 0.201 | wm_loss 2.0082 | td 0.0000 | planner 0.00 | seuil None | eau 1 | bouffe 2 | morts 176 | eps 1.00
step  289000 | wellbeing 0.001 | wm_loss 1.9042 | td 0.0000 | planner 0.00 | seuil None | eau 1 | bouffe 2 | morts 176 | eps 1.00
step  289500 | wellbeing 0.000 | wm_loss 1.9646 | td 0.0000 | planner 0.00 | seuil None | eau 1 | bouffe 0 | morts 176 | eps 1.00
step  290000 | wellbeing 0.000 | wm_loss 1.9912 | td 0.0000 | planner 0.00 | seuil None | eau 0 | bouffe 2 | morts 176 | eps 1.00
step  290500 | wellbeing 0.000 | wm_loss 1.9402 | td 0.0000 | planner 0.00 | seuil None | eau 0 | bouffe 0 | morts 176 | eps 1.00
step  291000 | wellbeing 0.000 | wm_loss 1.9791 | td 0.0000 | planner 0.00 | seuil None | eau 1 | bouffe 0 | morts 176 | eps 1.00
step  291500 | wellbeing 0.000 | wm_loss 1.9611 | td 0.0000 | planner 0.00 | seuil None | eau 1 | bouffe 0 | morts 176 | eps 1.00
step  292000 | wellbeing 0.000 | wm_loss 1.9543 | td 0.0000 | planner 0.00 | seuil None | eau 0 | bouffe 2 | morts 176 | eps 1.00
step  292500 | wellbeing 0.000 | wm_loss 1.9865 | td 0.0000 | planner 0.00 | seuil None | eau 0 | bouffe 2 | morts 176 | eps 1.00
step  293000 | wellbeing 0.000 | wm_loss 1.9725 | td 0.0000 | planner 0.00 | seuil None | eau 0 | bouffe 2 | morts 176 | eps 1.00
step  293500 | wellbeing 0.000 | wm_loss 1.9644 | td 0.0000 | planner 0.00 | seuil None | eau 0 | bouffe 0 | morts 176 | eps 1.00
step  294000 | wellbeing 0.000 | wm_loss 2.0271 | td 0.0000 | planner 0.00 | seuil None | eau 1 | bouffe 0 | morts 176 | eps 1.00
step  294500 | wellbeing 0.000 | wm_loss 1.9726 | td 0.0000 | planner 0.00 | seuil None | eau 1 | bouffe 0 | morts 176 | eps 1.00
step  295000 | wellbeing 0.000 | wm_loss 1.9970 | td 0.0000 | planner 0.00 | seuil None | eau 0 | bouffe 3 | morts 176 | eps 1.00
step  295500 | wellbeing 0.000 | wm_loss 1.9700 | td 0.0000 | planner 0.00 | seuil None | eau 0 | bouffe 1 | morts 176 | eps 1.00
step  296000 | wellbeing 0.000 | wm_loss 1.9170 | td 0.0000 | planner 0.00 | seuil None | eau 1 | bouffe 1 | morts 176 | eps 1.00
step  296500 | wellbeing 0.000 | wm_loss 1.9448 | td 0.0000 | planner 0.00 | seuil None | eau 1 | bouffe 0 | morts 176 | eps 1.00
step  297000 | wellbeing 0.000 | wm_loss 1.9868 | td 0.0000 | planner 0.00 | seuil None | eau 0 | bouffe 0 | morts 176 | eps 1.00
step  297500 | wellbeing 0.000 | wm_loss 1.9613 | td 0.0000 | planner 0.00 | seuil None | eau 1 | bouffe 0 | morts 176 | eps 1.00
step  298000 | wellbeing 0.000 | wm_loss 1.9370 | td 0.0000 | planner 0.00 | seuil None | eau 0 | bouffe 1 | morts 176 | eps 1.00
step  298500 | wellbeing 0.000 | wm_loss 2.0177 | td 0.0000 | planner 0.00 | seuil None | eau 1 | bouffe 1 | morts 176 | eps 1.00
step  299000 | wellbeing 0.000 | wm_loss 1.9705 | td 0.0000 | planner 0.00 | seuil None | eau 3 | bouffe 1 | morts 176 | eps 1.00
step  299500 | wellbeing 0.243 | wm_loss 1.9276 | td 0.0000 | planner 0.00 | seuil None | eau 4 | bouffe 2 | morts 177 | eps 1.00
step  300000 | wellbeing 0.186 | wm_loss 2.0196 | td 0.0000 | planner 0.00 | seuil None | eau 2 | bouffe 1 | morts 178 | eps 1.00
  cerveau sauvegardé → runs/fouloide_online_seed0/checkpoint_online.pt
step  300500 | wellbeing 0.011 | wm_loss 2.0033 | td 0.0000 | planner 0.00 | seuil None | eau 1 | bouffe 2 | morts 178 | eps 1.00
step  301000 | wellbeing 0.000 | wm_loss 1.9323 | td 0.0000 | planner 0.00 | seuil None | eau 4 | bouffe 0 | morts 178 | eps 1.00
step  301500 | wellbeing 0.001 | wm_loss 1.9403 | td 0.0000 | planner 0.00 | seuil None | eau 1 | bouffe 4 | morts 178 | eps 1.00
step  302000 | wellbeing 0.000 | wm_loss 1.9825 | td 0.0000 | planner 0.00 | seuil None | eau 0 | bouffe 0 | morts 178 | eps 1.00
step  302500 | wellbeing 0.000 | wm_loss 1.9612 | td 0.0000 | planner 0.00 | seuil None | eau 0 | bouffe 0 | morts 178 | eps 1.00
step  303000 | wellbeing 0.000 | wm_loss 1.9780 | td 0.0000 | planner 0.00 | seuil None | eau 0 | bouffe 0 | morts 178 | eps 1.00
step  303500 | wellbeing 0.200 | wm_loss 1.9350 | td 0.0000 | planner 0.00 | seuil None | eau 1 | bouffe 0 | morts 179 | eps 1.00
step  304000 | wellbeing 0.002 | wm_loss 1.9952 | td 0.0000 | planner 0.00 | seuil None | eau 0 | bouffe 0 | morts 179 | eps 1.00
step  304500 | wellbeing 0.207 | wm_loss 1.9882 | td 0.0000 | planner 0.00 | seuil None | eau 3 | bouffe 2 | morts 180 | eps 1.00
step  305000 | wellbeing 0.221 | wm_loss 1.9775 | td 0.0000 | planner 0.00 | seuil None | eau 2 | bouffe 3 | morts 181 | eps 1.00
step  305500 | wellbeing 0.039 | wm_loss 1.9752 | td 0.0000 | planner 0.00 | seuil None | eau 2 | bouffe 1 | morts 181 | eps 1.00
step  306000 | wellbeing 0.000 | wm_loss 2.0339 | td 0.0000 | planner 0.00 | seuil None | eau 0 | bouffe 1 | morts 181 | eps 1.00
step  306500 | wellbeing 0.000 | wm_loss 1.9785 | td 0.0000 | planner 0.00 | seuil None | eau 1 | bouffe 1 | morts 181 | eps 1.00
step  307000 | wellbeing 0.142 | wm_loss 1.9676 | td 0.0000 | planner 0.00 | seuil None | eau 1 | bouffe 1 | morts 182 | eps 1.00
step  307500 | wellbeing 0.118 | wm_loss 1.9742 | td 0.0000 | planner 0.00 | seuil None | eau 3 | bouffe 1 | morts 183 | eps 1.00
step  308000 | wellbeing 0.231 | wm_loss 1.9168 | td 0.0000 | planner 0.00 | seuil None | eau 4 | bouffe 2 | morts 183 | eps 1.00
step  308500 | wellbeing 0.000 | wm_loss 1.9410 | td 0.0000 | planner 0.00 | seuil None | eau 1 | bouffe 0 | morts 183 | eps 1.00
step  309000 | wellbeing 0.000 | wm_loss 2.0025 | td 0.0000 | planner 0.00 | seuil None | eau 2 | bouffe 2 | morts 183 | eps 1.00
step  309500 | wellbeing 0.000 | wm_loss 2.0023 | td 0.0000 | planner 0.00 | seuil None | eau 0 | bouffe 0 | morts 183 | eps 1.00
step  310000 | wellbeing 0.000 | wm_loss 1.9479 | td 0.0000 | planner 0.00 | seuil None | eau 2 | bouffe 0 | morts 183 | eps 1.00
step  310500 | wellbeing 0.007 | wm_loss 1.9419 | td 0.0000 | planner 0.00 | seuil None | eau 2 | bouffe 3 | morts 183 | eps 1.00
step  311000 | wellbeing 0.019 | wm_loss 2.0104 | td 0.0000 | planner 0.00 | seuil None | eau 1 | bouffe 1 | morts 183 | eps 1.00
step  311500 | wellbeing 0.000 | wm_loss 2.0583 | td 0.0000 | planner 0.00 | seuil None | eau 3 | bouffe 0 | morts 183 | eps 1.00
step  312000 | wellbeing 0.019 | wm_loss 1.9987 | td 0.0000 | planner 0.00 | seuil None | eau 3 | bouffe 2 | morts 183 | eps 1.00
step  312500 | wellbeing 0.157 | wm_loss 2.0203 | td 0.0000 | planner 0.00 | seuil None | eau 1 | bouffe 1 | morts 184 | eps 1.00
step  313000 | wellbeing 0.171 | wm_loss 1.9857 | td 0.0000 | planner 0.00 | seuil None | eau 3 | bouffe 1 | morts 185 | eps 1.00
step  313500 | wellbeing 0.030 | wm_loss 1.9870 | td 0.0000 | planner 0.00 | seuil None | eau 1 | bouffe 2 | morts 185 | eps 1.00
step  314000 | wellbeing 0.179 | wm_loss 2.0608 | td 0.0000 | planner 0.00 | seuil None | eau 1 | bouffe 0 | morts 186 | eps 1.00
step  314500 | wellbeing 0.151 | wm_loss 1.9620 | td 0.0000 | planner 0.00 | seuil None | eau 2 | bouffe 0 | morts 187 | eps 1.00
step  315000 | wellbeing 0.014 | wm_loss 2.0030 | td 0.0000 | planner 0.00 | seuil None | eau 2 | bouffe 2 | morts 187 | eps 1.00
step  315500 | wellbeing 0.188 | wm_loss 1.9604 | td 0.0000 | planner 0.00 | seuil None | eau 4 | bouffe 2 | morts 188 | eps 1.00
step  316000 | wellbeing 0.000 | wm_loss 1.9608 | td 0.0000 | planner 0.00 | seuil None | eau 0 | bouffe 4 | morts 188 | eps 1.00
step  316500 | wellbeing 0.004 | wm_loss 1.9834 | td 0.0000 | planner 0.00 | seuil None | eau 2 | bouffe 1 | morts 188 | eps 1.00
step  317000 | wellbeing 0.002 | wm_loss 1.9481 | td 0.0000 | planner 0.00 | seuil None | eau 4 | bouffe 2 | morts 188 | eps 1.00
step  317500 | wellbeing 0.238 | wm_loss 1.9661 | td 0.0000 | planner 0.00 | seuil None | eau 5 | bouffe 3 | morts 189 | eps 1.00
step  318000 | wellbeing 0.166 | wm_loss 1.9909 | td 0.0000 | planner 0.00 | seuil None | eau 4 | bouffe 1 | morts 190 | eps 1.00
step  318500 | wellbeing 0.020 | wm_loss 2.0331 | td 0.0000 | planner 0.00 | seuil None | eau 4 | bouffe 1 | morts 190 | eps 1.00
step  319000 | wellbeing 0.000 | wm_loss 1.9181 | td 0.0000 | planner 0.00 | seuil None | eau 0 | bouffe 0 | morts 190 | eps 1.00
step  319500 | wellbeing 0.022 | wm_loss 1.9893 | td 0.0000 | planner 0.00 | seuil None | eau 2 | bouffe 1 | morts 190 | eps 1.00
step  320000 | wellbeing 0.000 | wm_loss 1.9675 | td 0.0000 | planner 0.00 | seuil None | eau 3 | bouffe 0 | morts 190 | eps 1.00
step  320500 | wellbeing 0.000 | wm_loss 2.0295 | td 0.0000 | planner 0.00 | seuil None | eau 3 | bouffe 1 | morts 190 | eps 1.00
step  321000 | wellbeing 0.525 | wm_loss 1.9784 | td 0.0000 | planner 0.00 | seuil None | eau 4 | bouffe 5 | morts 192 | eps 1.00
step  321500 | wellbeing 0.075 | wm_loss 1.9640 | td 0.0000 | planner 0.00 | seuil None | eau 2 | bouffe 2 | morts 192 | eps 1.00
step  322000 | wellbeing 0.043 | wm_loss 2.0097 | td 0.0000 | planner 0.00 | seuil None | eau 5 | bouffe 2 | morts 192 | eps 1.00
step  322500 | wellbeing 0.010 | wm_loss 2.0350 | td 0.0000 | planner 0.00 | seuil None | eau 4 | bouffe 2 | morts 192 | eps 1.00
step  323000 | wellbeing 0.000 | wm_loss 2.0401 | td 0.0000 | planner 0.00 | seuil None | eau 1 | bouffe 2 | morts 192 | eps 1.00
step  323500 | wellbeing 0.028 | wm_loss 1.9819 | td 0.0000 | planner 0.00 | seuil None | eau 4 | bouffe 4 | morts 192 | eps 1.00
step  324000 | wellbeing 0.076 | wm_loss 2.0086 | td 0.0000 | planner 0.00 | seuil None | eau 3 | bouffe 4 | morts 192 | eps 1.00
step  324500 | wellbeing 0.002 | wm_loss 2.0007 | td 0.0000 | planner 0.00 | seuil None | eau 3 | bouffe 2 | morts 192 | eps 1.00
step  325000 | wellbeing 0.000 | wm_loss 1.9670 | td 0.0000 | planner 0.00 | seuil None | eau 3 | bouffe 3 | morts 192 | eps 1.00
step  325500 | wellbeing 0.017 | wm_loss 1.9646 | td 0.0000 | planner 0.00 | seuil None | eau 1 | bouffe 2 | morts 192 | eps 1.00
step  326000 | wellbeing 0.037 | wm_loss 2.0240 | td 0.0000 | planner 0.00 | seuil None | eau 4 | bouffe 5 | morts 192 | eps 1.00
step  326500 | wellbeing 0.043 | wm_loss 2.0321 | td 0.0000 | planner 0.00 | seuil None | eau 1 | bouffe 3 | morts 192 | eps 1.00
step  327000 | wellbeing 0.001 | wm_loss 1.9603 | td 0.0000 | planner 0.00 | seuil None | eau 3 | bouffe 1 | morts 192 | eps 1.00
step  327500 | wellbeing 0.000 | wm_loss 1.9626 | td 0.0000 | planner 0.00 | seuil None | eau 3 | bouffe 0 | morts 192 | eps 1.00
step  328000 | wellbeing 0.063 | wm_loss 1.9586 | td 0.0000 | planner 0.00 | seuil None | eau 3 | bouffe 6 | morts 192 | eps 1.00
step  328500 | wellbeing 0.017 | wm_loss 1.9926 | td 0.0000 | planner 0.00 | seuil None | eau 2 | bouffe 4 | morts 192 | eps 1.00
step  329000 | wellbeing 0.030 | wm_loss 2.0034 | td 0.0000 | planner 0.00 | seuil None | eau 2 | bouffe 2 | morts 192 | eps 1.00
step  329500 | wellbeing 0.091 | wm_loss 1.9426 | td 0.0000 | planner 0.00 | seuil None | eau 3 | bouffe 2 | morts 192 | eps 1.00
step  330000 | wellbeing 0.009 | wm_loss 2.0513 | td 0.0000 | planner 0.00 | seuil None | eau 2 | bouffe 1 | morts 192 | eps 1.00
step  330500 | wellbeing 0.000 | wm_loss 2.0152 | td 0.0000 | planner 0.00 | seuil None | eau 0 | bouffe 0 | morts 192 | eps 1.00
step  331000 | wellbeing 0.000 | wm_loss 1.9773 | td 0.0000 | planner 0.00 | seuil None | eau 0 | bouffe 0 | morts 192 | eps 1.00
step  331500 | wellbeing 0.000 | wm_loss 2.0054 | td 0.0000 | planner 0.00 | seuil None | eau 0 | bouffe 0 | morts 192 | eps 1.00
step  332000 | wellbeing 0.000 | wm_loss 1.9976 | td 0.0000 | planner 0.00 | seuil None | eau 0 | bouffe 0 | morts 192 | eps 1.00
step  332500 | wellbeing 0.000 | wm_loss 1.9312 | td 0.0000 | planner 0.00 | seuil None | eau 0 | bouffe 0 | morts 192 | eps 1.00
step  333000 | wellbeing 0.000 | wm_loss 1.9624 | td 0.0000 | planner 0.00 | seuil None | eau 0 | bouffe 0 | morts 192 | eps 1.00
step  333500 | wellbeing 0.000 | wm_loss 1.9973 | td 0.0000 | planner 0.00 | seuil None | eau 1 | bouffe 1 | morts 192 | eps 1.00
step  334000 | wellbeing 0.000 | wm_loss 1.9484 | td 0.0000 | planner 0.00 | seuil None | eau 2 | bouffe 2 | morts 192 | eps 1.00
step  334500 | wellbeing 0.000 | wm_loss 1.9881 | td 0.0000 | planner 0.00 | seuil None | eau 1 | bouffe 0 | morts 192 | eps 1.00
step  335000 | wellbeing 0.000 | wm_loss 1.9938 | td 0.0000 | planner 0.00 | seuil None | eau 3 | bouffe 0 | morts 192 | eps 1.00
step  335500 | wellbeing 0.000 | wm_loss 2.0058 | td 0.0000 | planner 0.00 | seuil None | eau 4 | bouffe 0 | morts 192 | eps 1.00
step  336000 | wellbeing 0.020 | wm_loss 1.9762 | td 0.0000 | planner 0.00 | seuil None | eau 5 | bouffe 2 | morts 192 | eps 1.00
step  336500 | wellbeing 0.010 | wm_loss 2.0003 | td 0.0000 | planner 0.00 | seuil None | eau 1 | bouffe 0 | morts 192 | eps 1.00
step  337000 | wellbeing 0.000 | wm_loss 1.9997 | td 0.0000 | planner 0.00 | seuil None | eau 0 | bouffe 0 | morts 192 | eps 1.00
step  337500 | wellbeing 0.000 | wm_loss 1.9953 | td 0.0000 | planner 0.00 | seuil None | eau 0 | bouffe 2 | morts 192 | eps 1.00
step  338000 | wellbeing 0.000 | wm_loss 1.9563 | td 0.0000 | planner 0.00 | seuil None | eau 0 | bouffe 2 | morts 192 | eps 1.00
step  338500 | wellbeing 0.000 | wm_loss 1.9743 | td 0.0000 | planner 0.00 | seuil None | eau 2 | bouffe 0 | morts 192 | eps 1.00
step  339000 | wellbeing 0.000 | wm_loss 1.9821 | td 0.0000 | planner 0.00 | seuil None | eau 0 | bouffe 3 | morts 192 | eps 1.00
step  339500 | wellbeing 0.000 | wm_loss 1.9759 | td 0.0000 | planner 0.00 | seuil None | eau 0 | bouffe 0 | morts 192 | eps 1.00
step  340000 | wellbeing 0.000 | wm_loss 2.0018 | td 0.0000 | planner 0.00 | seuil None | eau 0 | bouffe 0 | morts 192 | eps 1.00
step  340500 | wellbeing 0.203 | wm_loss 1.9424 | td 0.0000 | planner 0.00 | seuil None | eau 1 | bouffe 0 | morts 193 | eps 1.00
step  341000 | wellbeing 0.000 | wm_loss 1.9911 | td 0.0000 | planner 0.00 | seuil None | eau 0 | bouffe 2 | morts 193 | eps 1.00
step  341500 | wellbeing 0.136 | wm_loss 1.9984 | td 0.0000 | planner 0.00 | seuil None | eau 1 | bouffe 1 | morts 194 | eps 1.00
step  342000 | wellbeing 0.021 | wm_loss 1.9970 | td 0.0000 | planner 0.00 | seuil None | eau 0 | bouffe 5 | morts 194 | eps 1.00
step  342500 | wellbeing 0.000 | wm_loss 1.9466 | td 0.0000 | planner 0.00 | seuil None | eau 0 | bouffe 5 | morts 194 | eps 1.00
step  343000 | wellbeing 0.000 | wm_loss 1.9612 | td 0.0000 | planner 0.00 | seuil None | eau 0 | bouffe 5 | morts 194 | eps 1.00
step  343500 | wellbeing 0.155 | wm_loss 1.9680 | td 0.0000 | planner 0.00 | seuil None | eau 0 | bouffe 1 | morts 195 | eps 1.00
step  344000 | wellbeing 0.167 | wm_loss 1.9578 | td 0.0000 | planner 0.00 | seuil None | eau 1 | bouffe 3 | morts 196 | eps 1.00
step  344500 | wellbeing 0.000 | wm_loss 1.9942 | td 0.0000 | planner 0.00 | seuil None | eau 4 | bouffe 1 | morts 196 | eps 1.00
step  345000 | wellbeing 0.000 | wm_loss 1.9774 | td 0.0000 | planner 0.00 | seuil None | eau 3 | bouffe 0 | morts 196 | eps 1.00
step  345500 | wellbeing 0.192 | wm_loss 1.9385 | td 0.0000 | planner 0.00 | seuil None | eau 1 | bouffe 3 | morts 197 | eps 1.00
step  346000 | wellbeing 0.003 | wm_loss 1.9452 | td 0.0000 | planner 0.00 | seuil None | eau 1 | bouffe 3 | morts 197 | eps 1.00
step  346500 | wellbeing 0.000 | wm_loss 1.9796 | td 0.0000 | planner 0.00 | seuil None | eau 0 | bouffe 3 | morts 197 | eps 1.00
step  347000 | wellbeing 0.031 | wm_loss 1.9980 | td 0.0000 | planner 0.00 | seuil None | eau 2 | bouffe 3 | morts 197 | eps 1.00
step  347500 | wellbeing 0.000 | wm_loss 2.0031 | td 0.0000 | planner 0.00 | seuil None | eau 0 | bouffe 5 | morts 197 | eps 1.00
step  348000 | wellbeing 0.000 | wm_loss 1.9826 | td 0.0000 | planner 0.00 | seuil None | eau 0 | bouffe 4 | morts 197 | eps 1.00
step  348500 | wellbeing 0.000 | wm_loss 1.9707 | td 0.0000 | planner 0.00 | seuil None | eau 0 | bouffe 3 | morts 197 | eps 1.00
step  349000 | wellbeing 0.000 | wm_loss 1.9434 | td 0.0000 | planner 0.00 | seuil None | eau 1 | bouffe 2 | morts 197 | eps 1.00
step  349500 | wellbeing 0.008 | wm_loss 2.0232 | td 0.0000 | planner 0.00 | seuil None | eau 1 | bouffe 3 | morts 197 | eps 1.00
step  350000 | wellbeing 0.000 | wm_loss 2.0254 | td 0.0000 | planner 0.00 | seuil None | eau 0 | bouffe 5 | morts 197 | eps 1.00
